Component: ARM Compiler 5.06 update 4 (build 422) Tool: armlink [4d35d2]

==============================================================================

Section Cross References

    startup_stm32f407xx.o(RESET) refers to startup_stm32f407xx.o(STACK) for __initial_sp
    startup_stm32f407xx.o(RESET) refers to startup_stm32f407xx.o(.text) for Reset_Handler
    startup_stm32f407xx.o(RESET) refers to stm32f4xx_it.o(i.NMI_Handler) for NMI_Handler
    startup_stm32f407xx.o(RESET) refers to stm32f4xx_it.o(i.HardFault_Handler) for HardFault_Handler
    startup_stm32f407xx.o(RESET) refers to stm32f4xx_it.o(i.MemManage_Handler) for MemManage_Handler
    startup_stm32f407xx.o(RESET) refers to stm32f4xx_it.o(i.BusFault_Handler) for BusFault_Handler
    startup_stm32f407xx.o(RESET) refers to stm32f4xx_it.o(i.UsageFault_Handler) for UsageFault_Handler
    startup_stm32f407xx.o(RESET) refers to stm32f4xx_it.o(i.SVC_Handler) for SVC_Handler
    startup_stm32f407xx.o(RESET) refers to stm32f4xx_it.o(i.DebugMon_Handler) for DebugMon_Handler
    startup_stm32f407xx.o(RESET) refers to stm32f4xx_it.o(i.PendSV_Handler) for PendSV_Handler
    startup_stm32f407xx.o(RESET) refers to stm32f4xx_it.o(i.SysTick_Handler) for SysTick_Handler
    startup_stm32f407xx.o(RESET) refers to stm32f4xx_it.o(i.CAN1_RX0_IRQHandler) for CAN1_RX0_IRQHandler
    startup_stm32f407xx.o(RESET) refers to stm32f4xx_it.o(i.TIM3_IRQHandler) for TIM3_IRQHandler
    startup_stm32f407xx.o(RESET) refers to rs485.o(i.USART1_IRQHandler) for USART1_IRQHandler
    startup_stm32f407xx.o(RESET) refers to stm32f4xx_it.o(i.DMA2_Stream2_IRQHandler) for DMA2_Stream2_IRQHandler
    startup_stm32f407xx.o(RESET) refers to stm32f4xx_it.o(i.DMA2_Stream3_IRQHandler) for DMA2_Stream3_IRQHandler
    startup_stm32f407xx.o(RESET) refers to stm32f4xx_it.o(i.ETH_IRQHandler) for ETH_IRQHandler
    startup_stm32f407xx.o(RESET) refers to stm32f4xx_it.o(i.CAN2_RX0_IRQHandler) for CAN2_RX0_IRQHandler
    startup_stm32f407xx.o(RESET) refers to stm32f4xx_it.o(i.DMA2_Stream7_IRQHandler) for DMA2_Stream7_IRQHandler
    startup_stm32f407xx.o(.text) refers to system_stm32f4xx.o(i.SystemInit) for SystemInit
    startup_stm32f407xx.o(.text) refers to entry.o(.ARM.Collect$$$$00000000) for __main
    main.o(i.HAL_TIM_PeriodElapsedCallback) refers to tim.o(.bss) for htim3
    main.o(i.HAL_TIM_PeriodElapsedCallback) refers to main.o(.data) for timer
    main.o(i.HAL_TIM_PeriodElapsedCallback) refers to rotunbot_vary.o(.data) for Flag_PID_Control_Timer
    main.o(i.HAL_TIM_PeriodElapsedCallback) refers to rs485.o(.data) for USART1_FLME
    main.o(i.SystemClock_Config) refers to memseta.o(.text) for __aeabi_memclr4
    main.o(i.SystemClock_Config) refers to stm32f4xx_hal_rcc.o(i.HAL_RCC_OscConfig) for HAL_RCC_OscConfig
    main.o(i.SystemClock_Config) refers to main.o(i.Error_Handler) for Error_Handler
    main.o(i.SystemClock_Config) refers to stm32f4xx_hal_rcc.o(i.HAL_RCC_ClockConfig) for HAL_RCC_ClockConfig
    main.o(i.main) refers to stm32f4xx_hal.o(i.HAL_Init) for HAL_Init
    main.o(i.main) refers to main.o(i.SystemClock_Config) for SystemClock_Config
    main.o(i.main) refers to gpio.o(i.MX_GPIO_Init) for MX_GPIO_Init
    main.o(i.main) refers to dma.o(i.MX_DMA_Init) for MX_DMA_Init
    main.o(i.main) refers to can.o(i.MX_CAN1_Init) for MX_CAN1_Init
    main.o(i.main) refers to can.o(i.MX_CAN2_Init) for MX_CAN2_Init
    main.o(i.main) refers to tim.o(i.MX_TIM1_Init) for MX_TIM1_Init
    main.o(i.main) refers to tim.o(i.MX_TIM3_Init) for MX_TIM3_Init
    main.o(i.main) refers to tim.o(i.MX_TIM4_Init) for MX_TIM4_Init
    main.o(i.main) refers to tim.o(i.MX_TIM8_Init) for MX_TIM8_Init
    main.o(i.main) refers to usart.o(i.MX_UART5_Init) for MX_UART5_Init
    main.o(i.main) refers to usart.o(i.MX_USART1_UART_Init) for MX_USART1_UART_Init
    main.o(i.main) refers to lwip.o(i.MX_LWIP_Init) for MX_LWIP_Init
    main.o(i.main) refers to tim.o(i.MX_TIM7_Init) for MX_TIM7_Init
    main.o(i.main) refers to rotunbot_pwm.o(i.pwmInit) for pwmInit
    main.o(i.main) refers to rotunbot_comm.o(i.udpClientInit) for udpClientInit
    main.o(i.main) refers to rotunbot_algorithm.o(i.paramInit) for paramInit
    main.o(i.main) refers to rotunbot_can.o(i.CAN_Config) for CAN_Config
    main.o(i.main) refers to stm32f4xx_hal_gpio.o(i.HAL_GPIO_WritePin) for HAL_GPIO_WritePin
    main.o(i.main) refers to lwip.o(i.MX_LWIP_Process) for MX_LWIP_Process
    main.o(i.main) refers to rotunbot_pwm.o(i.RemoteRx) for RemoteRx
    main.o(i.main) refers to dflti.o(.text) for __aeabi_i2d
    main.o(i.main) refers to f2d.o(.text) for __aeabi_f2d
    main.o(i.main) refers to ddiv.o(.text) for __aeabi_ddiv
    main.o(i.main) refers to dmul.o(.text) for __aeabi_dmul
    main.o(i.main) refers to tan.o(i.__hardfp_tan) for __hardfp_tan
    main.o(i.main) refers to asin.o(i.__hardfp_asin) for __hardfp_asin
    main.o(i.main) refers to dadd.o(.text) for __aeabi_dadd
    main.o(i.main) refers to d2f.o(.text) for __aeabi_d2f
[...]
    UsageFault_Handler                       0x08007151   Thumb Code     4  stm32f4xx_it.o(i.UsageFault_Handler)
    __0printf$5                              0x08007155   Thumb Code    22  printf5.o(i.__0printf$5)
    __1printf$5                              0x08007155   Thumb Code     0  printf5.o(i.__0printf$5)
    __2printf                                0x08007155   Thumb Code     0  printf5.o(i.__0printf$5)
    __ARM_fpclassify                         0x08007175   Thumb Code    48  fpclassify.o(i.__ARM_fpclassify)
    __hardfp_asin                            0x080071e1   Thumb Code   770  asin.o(i.__hardfp_asin)
    __hardfp_tan                             0x08007541   Thumb Code   108  tan.o(i.__hardfp_tan)
    __ieee754_rem_pio2                       0x080075c1   Thumb Code   938  rred.o(i.__ieee754_rem_pio2)
    __kernel_poly                            0x080079f9   Thumb Code   248  poly.o(i.__kernel_poly)
    __kernel_tan                             0x08007af1   Thumb Code   764  tan_i.o(i.__kernel_tan)
    __mathlib_dbl_infnan                     0x08007e41   Thumb Code    20  dunder.o(i.__mathlib_dbl_infnan)
    __mathlib_dbl_invalid                    0x08007e59   Thumb Code    24  dunder.o(i.__mathlib_dbl_invalid)
    __mathlib_dbl_underflow                  0x08007e79   Thumb Code    24  dunder.o(i.__mathlib_dbl_underflow)
    __scatterload_copy                       0x08007e99   Thumb Code    14  handlers.o(i.__scatterload_copy)
    __scatterload_null                       0x08007ea7   Thumb Code     2  handlers.o(i.__scatterload_null)
    __scatterload_zeroinit                   0x08007ea9   Thumb Code    14  handlers.o(i.__scatterload_zeroinit)
    __set_errno                              0x08007eb9   Thumb Code     6  errno.o(i.__set_errno)
    calculate_average                        0x08008185   Thumb Code   148  rotunbot_pwm.o(i.calculate_average)
    etharp_cleanup_netif                     0x0800837d   Thumb Code    50  etharp.o(i.etharp_cleanup_netif)
    etharp_input                             0x080086f5   Thumb Code   202  etharp.o(i.etharp_input)
    etharp_output                            0x08008831   Thumb Code   396  etharp.o(i.etharp_output)
    etharp_query                             0x08008bbd   Thumb Code   474  etharp.o(i.etharp_query)
    etharp_request                           0x08008fed   Thumb Code    18  etharp.o(i.etharp_request)
    etharp_tmr                               0x08009031   Thumb Code   214  etharp.o(i.etharp_tmr)
    ethernet_input                           0x08009269   Thumb Code   190  ethernet.o(i.ethernet_input)
    ethernet_output                          0x0800932d   Thumb Code   112  ethernet.o(i.ethernet_output)
    ethernetif_init                          0x08009431   Thumb Code    58  ethernetif.o(i.ethernetif_init)
    ethernetif_input                         0x080094c9   Thumb Code    40  ethernetif.o(i.ethernetif_input)
    ethernetif_notify_conn_changed           0x080094f1   Thumb Code     2  ethernetif.o(i.ethernetif_notify_conn_changed)
    ethernetif_set_link                      0x080094f5   Thumb Code   104  ethernetif.o(i.ethernetif_set_link)
    ethernetif_update_config                 0x08009565   Thumb Code   206  ethernetif.o(i.ethernetif_update_config)
    fabs                                     0x08009639   Thumb Code    24  fabs.o(i.fabs)
    firstAxisModeSelect                      0x08009651   Thumb Code    92  rotunbot_can.o(i.firstAxisModeSelect)
    firstAxisVelMode                         0x080096c1   Thumb Code    60  rotunbot_can.o(i.firstAxisVelMode)
    fputc                                    0x0800970d   Thumb Code    20  usart.o(i.fputc)
    icmp_dest_unreach                        0x0800975f   Thumb Code    18  icmp.o(i.icmp_dest_unreach)
    icmp_input                               0x08009771   Thumb Code   414  icmp.o(i.icmp_input)
    icmp_time_exceeded                       0x08009afd   Thumb Code    18  icmp.o(i.icmp_time_exceeded)
    imuFeedback                              0x08009b11   Thumb Code   132  rotunbot_can.o(i.imuFeedback)
    internalStateFeedback                    0x08009b9d   Thumb Code    92  rotunbot_can.o(i.internalStateFeedback)
    ip4_addr_isbroadcast_u32                 0x08009c09   Thumb Code    78  ip4_addr.o(i.ip4_addr_isbroadcast_u32)
    ip4_frag                                 0x08009c59   Thumb Code   536  ip4_frag.o(i.ip4_frag)
    ip4_input                                0x08009f25   Thumb Code   402  ip4.o(i.ip4_input)
    ip4_output_if                            0x0800a0f5   Thumb Code    54  ip4.o(i.ip4_output_if)
    ip4_output_if_src                        0x0800a12d   Thumb Code   250  ip4.o(i.ip4_output_if_src)
    ip4_reass                                0x0800a2c9   Thumb Code   584  ip4_frag.o(i.ip4_reass)
    ip4_route                                0x0800a5c5   Thumb Code   140  ip4.o(i.ip4_route)
    ip_reass_tmr                             0x0800ad81   Thumb Code    48  ip4_frag.o(i.ip_reass_tmr)
    lwip_htonl                               0x0800b1a5   Thumb Code    26  def.o(i.lwip_htonl)
    lwip_htons                               0x0800b1bf   Thumb Code    12  def.o(i.lwip_htons)
    lwip_init                                0x0800b1cd   Thumb Code    64  init.o(i.lwip_init)
    main                                     0x0800b269   Thumb Code  2436  main.o(i.main)
    mem_free                                 0x0800bc05   Thumb Code   194  mem.o(i.mem_free)
    mem_init                                 0x0800bdc9   Thumb Code    76  mem.o(i.mem_init)
    mem_malloc                               0x0800be7d   Thumb Code   402  mem.o(i.mem_malloc)
    mem_trim                                 0x0800c135   Thumb Code   388  mem.o(i.mem_trim)
    memp_free                                0x0800c369   Thumb Code    54  memp.o(i.memp_free)
    memp_init                                0x0800c419   Thumb Code    26  memp.o(i.memp_init)
    memp_init_pool                           0x0800c439   Thumb Code    44  memp.o(i.memp_init_pool)
    memp_malloc                              0x0800c465   Thumb Code    50  memp.o(i.memp_malloc)
    motorFeedback                            0x0800c515   Thumb Code   266  rotunbot_can.o(i.motorFeedback)
    netif_add                                0x0800c64d   Thumb Code   320  netif.o(i.netif_add)
    netif_get_by_index                       0x0800c9d5   Thumb Code    36  netif.o(i.netif_get_by_index)
    netif_init                               0x0800c9fd   Thumb Code     2  netif.o(i.netif_init)
    netif_set_addr                           0x0800cae1   Thumb Code    92  netif.o(i.netif_set_addr)
    netif_set_default                        0x0800cb41   Thumb Code     6  netif.o(i.netif_set_default)
    netif_set_down                           0x0800cb4d   Thumb Code    92  netif.o(i.netif_set_down)
    netif_set_link_callback                  0x0800cc25   Thumb Code     6  netif.o(i.netif_set_link_callback)
    netif_set_link_down                      0x0800cc2d   Thumb Code    76  netif.o(i.netif_set_link_down)
    netif_set_link_up                        0x0800ccf9   Thumb Code    84  netif.o(i.netif_set_link_up)
    netif_set_up                             0x0800cdcd   Thumb Code    84  netif.o(i.netif_set_up)
    paramInit                                0x0800ce99   Thumb Code   200  rotunbot_algorithm.o(i.paramInit)
    pbuf_add_header                          0x0800cfc1   Thumb Code    18  pbuf.o(i.pbuf_add_header)
    pbuf_alloc                               0x0800d0bd   Thumb Code   406  pbuf.o(i.pbuf_alloc)
    pbuf_alloc_reference                     0x0800d359   Thumb Code    78  pbuf.o(i.pbuf_alloc_reference)
    pbuf_alloced_custom                      0x0800d415   Thumb Code    82  pbuf.o(i.pbuf_alloced_custom)
    pbuf_cat                                 0x0800d469   Thumb Code   126  pbuf.o(i.pbuf_cat)
    pbuf_chain                               0x0800d5b9   Thumb Code    22  pbuf.o(i.pbuf_chain)
    pbuf_clen                                0x0800d5cf   Thumb Code    18  pbuf.o(i.pbuf_clen)
    pbuf_clone                               0x0800d5e1   Thumb Code    68  pbuf.o(i.pbuf_clone)
    pbuf_copy                                0x0800d691   Thumb Code   304  pbuf.o(i.pbuf_copy)
    pbuf_copy_partial                        0x0800d8b9   Thumb Code   164  pbuf.o(i.pbuf_copy_partial)
    pbuf_free                                0x0800d9f9   Thumb Code   230  pbuf.o(i.pbuf_free)
    pbuf_header_force                        0x0800db95   Thumb Code    18  pbuf.o(i.pbuf_header_force)
    pbuf_realloc                             0x0800dbe9   Thumb Code   194  pbuf.o(i.pbuf_realloc)
    pbuf_ref                                 0x0800dd51   Thumb Code    48  pbuf.o(i.pbuf_ref)
    pbuf_remove_header                       0x0800dded   Thumb Code   110  pbuf.o(i.pbuf_remove_header)
    pbuf_take                                0x0800dee1   Thumb Code   234  pbuf.o(i.pbuf_take)
    pwmInit                                  0x0800e291   Thumb Code    56  rotunbot_pwm.o(i.pwmInit)
    secondAxisModeSelect                     0x0800e2e1   Thumb Code   112  rotunbot_can.o(i.secondAxisModeSelect)
    secondAxisPosMode                        0x0800e369   Thumb Code    84  rotunbot_can.o(i.secondAxisPosMode)
    send_ANO_msg                             0x0800e3d1   Thumb Code   124  rotunbot_comm.o(i.send_ANO_msg)
    sqrt                                     0x0800e455   Thumb Code   110  sqrt.o(i.sqrt)
    sys_check_timeouts                       0x0800e4c5   Thumb Code    74  timeouts.o(i.sys_check_timeouts)
    sys_now                                  0x0800e519   Thumb Code     8  ethernetif.o(i.sys_now)
    sys_timeout                              0x0800e521   Thumb Code    58  timeouts.o(i.sys_timeout)
    sys_timeouts_init                        0x0800e731   Thumb Code    30  timeouts.o(i.sys_timeouts_init)
    tcp_abandon                              0x0800e759   Thumb Code   274  tcp.o(i.tcp_abandon)
    tcp_abort                                0x0800e925   Thumb Code    14  tcp.o(i.tcp_abort)
    tcp_alloc                                0x0800e935   Thumb Code   172  tcp.o(i.tcp_alloc)
    tcp_close                                0x0800e9f1   Thumb Code    64  tcp.o(i.tcp_close)
    tcp_eff_send_mss_netif                   0x0800ef69   Thumb Code    82  tcp.o(i.tcp_eff_send_mss_netif)
    tcp_enqueue_flags                        0x0800f03d   Thumb Code   408  tcp_out.o(i.tcp_enqueue_flags)
    tcp_fasttmr                              0x0800f2fd   Thumb Code   142  tcp.o(i.tcp_fasttmr)
    tcp_free                                 0x0800f399   Thumb Code    40  tcp.o(i.tcp_free)
    tcp_init                                 0x0800f6a1   Thumb Code    20  tcp.o(i.tcp_init)
    tcp_input                                0x0800f6b9   Thumb Code  1990  tcp_in.o(i.tcp_input)
    tcp_keepalive                            0x0800ffb5   Thumb Code    98  tcp_out.o(i.tcp_keepalive)
    tcp_netif_ip_addr_changed                0x080104cd   Thumb Code    64  tcp.o(i.tcp_netif_ip_addr_changed)
    tcp_next_iss                             0x080105e9   Thumb Code    50  tcp.o(i.tcp_next_iss)
    tcp_output                               0x08010699   Thumb Code   684  tcp_out.o(i.tcp_output)
    tcp_pcb_purge                            0x0801124d   Thumb Code    94  tcp.o(i.tcp_pcb_purge)
    tcp_pcb_remove                           0x08011321   Thumb Code   220  tcp.o(i.tcp_pcb_remove)
    tcp_process_refused_data                 0x08011c09   Thumb Code   180  tcp.o(i.tcp_process_refused_data)
    tcp_recv_null                            0x0801250d   Thumb Code    78  tcp.o(i.tcp_recv_null)
    tcp_recved                               0x080125d1   Thumb Code   130  tcp.o(i.tcp_recved)
    tcp_rexmit                               0x080127a1   Thumb Code   142  tcp_out.o(i.tcp_rexmit)
    tcp_rexmit_fast                          0x080128a5   Thumb Code   142  tcp_out.o(i.tcp_rexmit_fast)
    tcp_rexmit_rto                           0x080129b1   Thumb Code    46  tcp_out.o(i.tcp_rexmit_rto)
    tcp_rexmit_rto_commit                    0x08012a59   Thumb Code    56  tcp_out.o(i.tcp_rexmit_rto_commit)
    tcp_rexmit_rto_prepare                   0x08012b11   Thumb Code   150  tcp_out.o(i.tcp_rexmit_rto_prepare)
    tcp_rst                                  0x08012c49   Thumb Code   146  tcp_out.o(i.tcp_rst)
    tcp_seg_free                             0x08012d71   Thumb Code    26  tcp.o(i.tcp_seg_free)
    tcp_segs_free                            0x08012d8b   Thumb Code    24  tcp.o(i.tcp_segs_free)
    tcp_send_empty_ack                       0x08012da5   Thumb Code   194  tcp_out.o(i.tcp_send_empty_ack)
    tcp_send_fin                             0x08012ee5   Thumb Code   104  tcp_out.o(i.tcp_send_fin)
    tcp_slowtmr                              0x08012fc5   Thumb Code  1672  tcp.o(i.tcp_slowtmr)
    tcp_split_unsent_seg                     0x080136d9   Thumb Code   510  tcp_out.o(i.tcp_split_unsent_seg)
    tcp_timer_needed                         0x080139a9   Thumb Code    38  timeouts.o(i.tcp_timer_needed)
    tcp_tmr                                  0x08013b25   Thumb Code    30  tcp.o(i.tcp_tmr)
    tcp_trigger_input_pcb_close              0x08013b49   Thumb Code    14  tcp_in.o(i.tcp_trigger_input_pcb_close)
    tcp_update_rcv_ann_wnd                   0x08013b5d   Thumb Code   128  tcp.o(i.tcp_update_rcv_ann_wnd)
    tcp_zero_window_probe                    0x08013c75   Thumb Code   238  tcp_out.o(i.tcp_zero_window_probe)
    thirdAxisCurrentMode                     0x08013e1d   Thumb Code    42  rotunbot_can.o(i.thirdAxisCurrentMode)
    thirdAxisModeSelect                      0x08013e59   Thumb Code   112  rotunbot_can.o(i.thirdAxisModeSelect)
    udpClientInit                            0x08013ee1   Thumb Code    68  rotunbot_comm.o(i.udpClientInit)
    udpClientSend                            0x08013f31   Thumb Code    50  rotunbot_comm.o(i.udpClientSend)
    udp_bind                                 0x08014081   Thumb Code   172  udp.o(i.udp_bind)
    udp_connect                              0x080141a5   Thumb Code   158  udp.o(i.udp_connect)
    udp_init                                 0x080142d9   Thumb Code    20  udp.o(i.udp_init)
    udp_input                                0x080142f1   Thumb Code   412  udp.o(i.udp_input)
    udp_netif_ip_addr_changed                0x08014675   Thumb Code    42  udp.o(i.udp_netif_ip_addr_changed)
    udp_new                                  0x080146a5   Thumb Code    28  udp.o(i.udp_new)
    udp_recv                                 0x08014719   Thumb Code    44  udp.o(i.udp_recv)
    udp_remove                               0x080147b5   Thumb Code    94  udp.o(i.udp_remove)
    udp_send                                 0x08014889   Thumb Code    84  udp.o(i.udp_send)
    udp_sendto                               0x08014965   Thumb Code   156  udp.o(i.udp_sendto)
    udp_sendto_if                            0x08014aa9   Thumb Code   200  udp.o(i.udp_sendto_if)
    udp_sendto_if_src                        0x08014c41   Thumb Code   384  udp.o(i.udp_sendto_if_src)
    AHBPrescTable                            0x08014efc   Data          16  system_stm32f4xx.o(.constdata)
    APBPrescTable                            0x08014f0c   Data           8  system_stm32f4xx.o(.constdata)
    ethbroadcast                             0x08014f14   Data           6  ethernet.o(.constdata)
    ethzero                                  0x08014f1a   Data           6  ethernet.o(.constdata)
    memp_UDP_PCB                             0x08014f20   Data          12  memp.o(.constdata)
    memp_TCP_PCB                             0x08014f2c   Data          12  memp.o(.constdata)
    memp_TCP_PCB_LISTEN                      0x08014f38   Data          12  memp.o(.constdata)
    memp_TCP_SEG                             0x08014f44   Data          12  memp.o(.constdata)
    memp_REASSDATA                           0x08014f50   Data          12  memp.o(.constdata)
    memp_FRAG_PBUF                           0x08014f5c   Data          12  memp.o(.constdata)
    memp_SYS_TIMEOUT                         0x08014f68   Data          12  memp.o(.constdata)
    memp_PBUF                                0x08014f74   Data          12  memp.o(.constdata)
    memp_PBUF_POOL                           0x08014f80   Data          12  memp.o(.constdata)
    memp_pools                               0x08014f8c   Data          36  memp.o(.constdata)
    tcp_pcb_lists                            0x08014ff0   Data          16  tcp.o(.constdata)
    lwip_cyclic_timers                       0x08015000   Data          24  timeouts.o(.constdata)
    lwip_num_cyclic_timers                   0x08015018   Data           4  timeouts.o(.constdata)
    ip_addr_any                              0x0801501c   Data           4  ip4_addr.o(.constdata)
    ip_addr_broadcast                        0x08015020   Data           4  ip4_addr.o(.constdata)
    PI                                       0x08015028   Data           4  rotunbot_vary.o(.constdata)
    FirstAxis_Ratio                          0x0801502c   Data           4  rotunbot_vary.o(.constdata)
    SecondAxis_Ratio                         0x08015030   Data           4  rotunbot_vary.o(.constdata)
    ThirdAxis_Ratio                          0x08015034   Data           4  rotunbot_vary.o(.constdata)
    R60                                      0x08015038   Data           4  rotunbot_vary.o(.constdata)
    R80                                      0x0801503c   Data           4  rotunbot_vary.o(.constdata)
    m_pendulum                               0x08015040   Data           4  rotunbot_vary.o(.constdata)
    m_ball                                   0x08015044   Data           4  rotunbot_vary.o(.constdata)
    l_pendulum                               0x08015048   Data           4  rotunbot_vary.o(.constdata)
    NB                                       0x0801504c   Data           4  rotunbot_vary.o(.constdata)
    NM                                       0x08015050   Data           4  rotunbot_vary.o(.constdata)
    NS                                       0x08015054   Data           4  rotunbot_vary.o(.constdata)
    ZO                                       0x08015058   Data           4  rotunbot_vary.o(.constdata)
    PS                                       0x0801505c   Data           4  rotunbot_vary.o(.constdata)
    PM                                       0x08015060   Data           4  rotunbot_vary.o(.constdata)
    PB                                       0x08015064   Data           4  rotunbot_vary.o(.constdata)
    qValueMin                                0x08015068   Data           4  rotunbot_vary.o(.constdata)
    qValueMax                                0x0801506c   Data           4  rotunbot_vary.o(.constdata)
    PIDBox_P                                 0x08015070   Data         392  rotunbot_vary.o(.constdata)
    PIDBox_I                                 0x080151f8   Data         392  rotunbot_vary.o(.constdata)
    PIDBox_D                                 0x08015380   Data         392  rotunbot_vary.o(.constdata)
    Region$$Table$$Base                      0x080157d8   Number         0  anon$$obj.o(Region$$Table)
    Region$$Table$$Limit                     0x080157f8   Number         0  anon$$obj.o(Region$$Table)
    timer                                    0x20001000   Data           4  main.o(.data)
    current_msg                              0x20001004   Data           8  main.o(.data)
    buff_counter                             0x2000100c   Data           4  main.o(.data)
    pos                                      0x20001010   Data           4  main.o(.data)
    pre_GyroI_Align_x                        0x20001014   Data           4  main.o(.data)
    mo_wheel_out_last                        0x20001018   Data           4  main.o(.data)
    mo_wheel_out                             0x2000101c   Data           4  main.o(.data)
    Signal_3_State_last                      0x20001020   Data           1  main.o(.data)
    netgunCommand                            0x20001021   Data           1  main.o(.data)
    shootFlag                                0x20001022   Data           1  main.o(.data)
    v_inc                                    0x20001024   Data           4  main.o(.data)
    ff_coef                                  0x20001028   Data           4  main.o(.data)
    abs_velocity_ball                        0x2000102c   Data           4  main.o(.data)
    shootCounter                             0x20001030   Data           4  main.o(.data)
    Pendulum_Ver_Angle                       0x20001034   Data           2  main.o(.data)
    Flag_Battery_Timer                       0x20001036   Data           1  main.o(.data)
    velocity_sum                             0x20001038   Data           4  main.o(.data)
    EthernetLinkTimer                        0x20001040   Data           4  ethernetif.o(.data)
    ipaddr                                   0x20001044   Data           4  lwip.o(.data)
    netmask                                  0x20001048   Data           4  lwip.o(.data)
    gw                                       0x2000104c   Data           4  lwip.o(.data)
    IP_ADDRESS                               0x20001050   Data           4  lwip.o(.data)
    NETMASK_ADDRESS                          0x20001054   Data           4  lwip.o(.data)
    GATEWAY_ADDRESS                          0x20001058   Data           4  lwip.o(.data)
    uwTick                                   0x2000105c   Data           4  stm32f4xx_hal.o(.data)
    uwTickPrio                               0x20001060   Data           4  stm32f4xx_hal.o(.data)
    uwTickFreq                               0x20001064   Data           1  stm32f4xx_hal.o(.data)
    SystemCoreClock                          0x20001068   Data           4  system_stm32f4xx.o(.data)
    netif_list                               0x2000109c   Data           4  netif.o(.data)
    netif_default                            0x200010a0   Data           4  netif.o(.data)
    tcp_ticks                                0x200010ac   Data           4  tcp.o(.data)
    tcp_bound_pcbs                           0x200010b0   Data           4  tcp.o(.data)
    tcp_listen_pcbs                          0x200010b4   Data           4  tcp.o(.data)
    tcp_active_pcbs                          0x200010b8   Data           4  tcp.o(.data)
    tcp_tw_pcbs                              0x200010bc   Data           4  tcp.o(.data)
    tcp_active_pcbs_changed                  0x200010c0   Data           1  tcp.o(.data)
    tcp_input_pcb                            0x200010ec   Data           4  tcp_in.o(.data)
    udp_pcbs                                 0x20001100   Data           4  udp.o(.data)
    firAxisState                             0x2000110e   Data           1  rotunbot_can.o(.data)
    secAxisState                             0x2000110f   Data           1  rotunbot_can.o(.data)
    thiAxisState                             0x20001110   Data           1  rotunbot_can.o(.data)
    flag_IMU_Received_1                      0x20001111   Data           1  rotunbot_can.o(.data)
    flag_IMU_Received_2                      0x20001112   Data           1  rotunbot_can.o(.data)
    flag_IMU_Received_3                      0x20001113   Data           1  rotunbot_can.o(.data)
    driver_power                             0x20001114   Data           1  rotunbot_can.o(.data)
    driver_power_last                        0x20001115   Data           1  rotunbot_can.o(.data)
    motor_orig_angle                         0x20001116   Data           2  rotunbot_can.o(.data)
    driver_state_word                        0x20001118   Data           2  rotunbot_can.o(.data)
    driver_PDO_timer                         0x2000111a   Data           2  rotunbot_can.o(.data)
    flag_jam                                 0x2000111c   Data           1  rotunbot_can.o(.data)
    Battery_Current                          0x2000111e   Data           2  rotunbot_can.o(.data)
    Battery_Capacity                         0x20001120   Data           2  rotunbot_can.o(.data)
    Battery_Voltage                          0x20001122   Data           2  rotunbot_can.o(.data)
    Battery_Soc                              0x20001124   Data           1  rotunbot_can.o(.data)
    Power_Nominal_Capacity                   0x20001126   Data           2  rotunbot_can.o(.data)
    usart_frame                              0x2000112c   Data          21  rotunbot_comm.o(.data)
    Signal_1_Period                          0x20001144   Data           4  rotunbot_pwm.o(.data)
    Signal_1_High                            0x20001148   Data           4  rotunbot_pwm.o(.data)
    Signal_2_Period                          0x2000114c   Data           4  rotunbot_pwm.o(.data)
    Signal_2_High                            0x20001150   Data           4  rotunbot_pwm.o(.data)
    Signal_3_Period                          0x20001154   Data           4  rotunbot_pwm.o(.data)
    Signal_3_High                            0x20001158   Data           4  rotunbot_pwm.o(.data)
    Signal_3_State                           0x2000115c   Data           4  rotunbot_pwm.o(.data)
    left_controller_zero_position            0x20001160   Data           4  rotunbot_pwm.o(.data)
    right_controller_zero_position           0x20001164   Data           4  rotunbot_pwm.o(.data)
    left_right_difference                    0x20001168   Data           4  rotunbot_pwm.o(.data)
    surface_vx                               0x2000116c   Data           2  rotunbot_pwm.o(.data)
    surface_w                                0x2000116e   Data           2  rotunbot_pwm.o(.data)
    TIM8_CH2_buff                            0x20001170   Data          20  rotunbot_pwm.o(.data)
    TIM8_CH4_buff                            0x20001184   Data          20  rotunbot_pwm.o(.data)
    TIM1_CH2_buff                            0x20001198   Data          20  rotunbot_pwm.o(.data)
    Remote_Control_Counter                   0x200011ac   Data           4  rotunbot_vary.o(.data)
    Remote_Controllor_Mode                   0x200011b0   Data           4  rotunbot_vary.o(.data)
    Remote_Controllor_Mode_last              0x200011b4   Data           4  rotunbot_vary.o(.data)
    Velocity_Hope                            0x200011b8   Data           4  rotunbot_vary.o(.data)
    Position_Hope                            0x200011bc   Data           4  rotunbot_vary.o(.data)
    Roll_Hope                                0x200011c0   Data           4  rotunbot_vary.o(.data)
    W_Hope                                   0x200011c4   Data           4  rotunbot_vary.o(.data)
    V_Hope                                   0x200011c8   Data           4  rotunbot_vary.o(.data)
    Left_Pulse_Hope                          0x200011cc   Data           4  rotunbot_vary.o(.data)
    Right_Pulse_Hope                         0x200011d0   Data           4  rotunbot_vary.o(.data)
    PID_Remote_Controllor                    0x200011d4   Data           4  rotunbot_vary.o(.data)
    IMU_Message                              0x200011d8   Data           8  rotunbot_vary.o(.data)
    Mesh_gun                                 0x200011e0   Data           1  rotunbot_vary.o(.data)
    Flag_PID_FirstAxis                       0x200011e1   Data           1  rotunbot_vary.o(.data)
    Flag_PID_SecondAxis                      0x200011e2   Data           1  rotunbot_vary.o(.data)
    Flag_PID_ThirdAxis                       0x200011e3   Data           1  rotunbot_vary.o(.data)
    Flag_Feedback_Timer                      0x200011e4   Data           1  rotunbot_vary.o(.data)
    Flag_PID_Control_Timer                   0x200011e5   Data           1  rotunbot_vary.o(.data)
    Flag_Remote_Controllor_Timer             0x200011e6   Data           1  rotunbot_vary.o(.data)
    Flag_LED_Toggle_Timer                    0x200011e7   Data           1  rotunbot_vary.o(.data)
    Flag_Feedback_IMU                        0x200011e8   Data           1  rotunbot_vary.o(.data)
    FLag_Camera_Trigger                      0x200011e9   Data           1  rotunbot_vary.o(.data)
    Velocity_FirstAxis                       0x200011ec   Data           4  rotunbot_vary.o(.data)
    Velocity_SecondAxis                      0x200011f0   Data           4  rotunbot_vary.o(.data)
    Velocity_ThirdAxis                       0x200011f4   Data           4  rotunbot_vary.o(.data)
    Position_FirstAxis                       0x200011f8   Data           4  rotunbot_vary.o(.data)
    Position_SecondAxis                      0x200011fc   Data           4  rotunbot_vary.o(.data)
    Position_ThirdAxis                       0x20001200   Data           4  rotunbot_vary.o(.data)
    Current_FirstAxis                        0x20001204   Data           2  rotunbot_vary.o(.data)
    Current_SecondAxis                       0x20001206   Data           2  rotunbot_vary.o(.data)
    Current_ThirdAxis                        0x20001208   Data           2  rotunbot_vary.o(.data)
    Omega_ball                               0x2000120c   Data           4  rotunbot_vary.o(.data)
    Velocity_ball                            0x20001210   Data           4  rotunbot_vary.o(.data)
    Angle_roll                               0x20001214   Data           4  rotunbot_vary.o(.data)
    Omega_roll                               0x20001218   Data           4  rotunbot_vary.o(.data)
    Alpha_roll                               0x2000121c   Data           4  rotunbot_vary.o(.data)
    Omega_wheel                              0x20001220   Data           4  rotunbot_vary.o(.data)
    Odom_all                                 0x20001224   Data           4  rotunbot_vary.o(.data)
    Odom_now                                 0x20001228   Data           4  rotunbot_vary.o(.data)
    Odom_last                                0x2000122c   Data           4  rotunbot_vary.o(.data)
    Arc_now                                  0x20001230   Data           4  rotunbot_vary.o(.data)
    Delta_roll                               0x20001234   Data           4  rotunbot_vary.o(.data)
    first                                    0x20001238   Data           2  rotunbot_vary.o(.data)
    sec                                      0x2000123a   Data           2  rotunbot_vary.o(.data)
    third                                    0x2000123c   Data           2  rotunbot_vary.o(.data)
    left                                     0x2000123e   Data           2  rotunbot_vary.o(.data)
    right                                    0x20001240   Data           2  rotunbot_vary.o(.data)
    v_force                                  0x20001242   Data           2  rotunbot_vary.o(.data)
    w_force                                  0x20001244   Data           2  rotunbot_vary.o(.data)
    Humidity                                 0x20001248   Data           4  rotunbot_vary.o(.data)
    Temperature                              0x2000124c   Data           4  rotunbot_vary.o(.data)
    PID_FirstAxis                            0x20001250   Data          36  rotunbot_vary.o(.data)
    PID_SecondAxis                           0x20001274   Data          36  rotunbot_vary.o(.data)
    PID_ThirdAxis                            0x20001298   Data          36  rotunbot_vary.o(.data)
    PID_W                                    0x200012bc   Data          36  rotunbot_vary.o(.data)
    PIDBox_ThirdAxis                         0x200012e0   Data          64  rotunbot_vary.o(.data)
    PIDBox_SecondAxis                        0x20001320   Data          80  rotunbot_vary.o(.data)
    qp                                       0x20001370   Data           4  rotunbot_vary.o(.data)
    qi                                       0x20001374   Data           4  rotunbot_vary.o(.data)
    qd                                       0x20001378   Data           4  rotunbot_vary.o(.data)
    CAN_Flag                                 0x2000137c   Data           4  rotunbot_vary.o(.data)
    Can_Rx_Buff                              0x20001380   Data           8  rotunbot_vary.o(.data)
    Can_Msg_Temp                             0x20001388   Data           8  rotunbot_vary.o(.data)
    Can_Msg_MDH                              0x20001390   Data           4  rotunbot_vary.o(.data)
    Can_Msg_MDL                              0x20001394   Data           4  rotunbot_vary.o(.data)
    my_Packge                                0x20001398   Data          12  rotunbot_vary.o(.data)
    USART1_FLME                              0x200013a4   Data           1  rs485.o(.data)
    USART1_FLTD                              0x200013a5   Data           1  rs485.o(.data)
    USART1_FLTM                              0x200013a6   Data           1  rs485.o(.data)
    crc                                      0x200013a8   Data           2  rs485.o(.data)
    w_times                                  0x200013aa   Data           2  rs485.o(.data)
    crc1                                     0x200013ac   Data           2  rs485.o(.data)
    RS485_rxflag                             0x200013ae   Data           1  rs485.o(.data)
    rDataBuffer                              0x200013af   Data           1  rs485.o(.data)
    rDataCount_Me                            0x200013b0   Data           1  rs485.o(.data)
    rDataCount_TD                            0x200013b1   Data           1  rs485.o(.data)
    rDataFlag                                0x200013b2   Data           1  rs485.o(.data)
    rxsize                                   0x200013b3   Data           1  rs485.o(.data)
    f                                        0x200013b4   Data           4  rs485.o(.data)
    g                                        0x200013b8   Data           4  rs485.o(.data)
    h                                        0x200013bc   Data           4  rs485.o(.data)
    __stdout                                 0x200013c4   Data           4  stdout.o(.data)
    hcan1                                    0x200013cc   Data          40  can.o(.bss)
    hcan2                                    0x200013f4   Data          40  can.o(.bss)
    htim1                                    0x2000141c   Data          72  tim.o(.bss)
    htim3                                    0x20001464   Data          72  tim.o(.bss)
    htim4                                    0x200014ac   Data          72  tim.o(.bss)
    htim7                                    0x200014f4   Data          72  tim.o(.bss)
    htim8                                    0x2000153c   Data          72  tim.o(.bss)
    hdma_tim1_ch2                            0x20001584   Data          96  tim.o(.bss)
    hdma_tim8_ch4_trig_com                   0x200015e4   Data          96  tim.o(.bss)
    hdma_tim8_ch2                            0x20001644   Data          96  tim.o(.bss)
    huart5                                   0x200016a4   Data          68  usart.o(.bss)
    huart1                                   0x200016e8   Data          68  usart.o(.bss)
    DMARxDscrTab                             0x2000172c   Data         128  ethernetif.o(.bss)
    DMATxDscrTab                             0x200017ac   Data         128  ethernetif.o(.bss)
    Rx_Buff                                  0x2000182c   Data        6096  ethernetif.o(.bss)
    Tx_Buff                                  0x20002ffc   Data        6096  ethernetif.o(.bss)
    heth                                     0x200047cc   Data          72  ethernetif.o(.bss)
    gnetif                                   0x20004814   Data          56  lwip.o(.bss)
    ip_data                                  0x2000484c   Data          24  ip.o(.bss)
    ram_heap                                 0x20004864   Data        1619  mem.o(.bss)
    memp_memory_UDP_PCB_base                 0x20004eb7   Data         131  memp.o(.bss)
    memp_memory_TCP_PCB_base                 0x20004f3a   Data         763  memp.o(.bss)
    memp_memory_TCP_PCB_LISTEN_base          0x20005235   Data         227  memp.o(.bss)
    memp_memory_TCP_SEG_base                 0x20005318   Data         259  memp.o(.bss)
    memp_memory_REASSDATA_base               0x2000541b   Data         163  memp.o(.bss)
    memp_memory_FRAG_PBUF_base               0x200054be   Data         363  memp.o(.bss)
    memp_memory_SYS_TIMEOUT_base             0x20005629   Data          51  memp.o(.bss)
    memp_memory_PBUF_base                    0x2000565c   Data         259  memp.o(.bss)
    memp_memory_PBUF_POOL_base               0x2000575f   Data        9731  memp.o(.bss)
    IMU_Data                                 0x20007e64   Data         128  rotunbot_can.o(.bss)
    Control_Message                          0x20007ee4   Data          48  rotunbot_vary.o(.bss)
    IMU_CAN_Message                          0x20007f14   Data          32  rotunbot_vary.o(.bss)
    UDP_MessagetoSend                        0x20007f34   Data          40  rotunbot_vary.o(.bss)
    deltaK                                   0x20007f5c   Data          12  rotunbot_vary.o(.bss)
    TxHeader                                 0x20007f68   Data          24  rotunbot_vary.o(.bss)
    RxHeader                                 0x20007f80   Data          28  rotunbot_vary.o(.bss)
    USART1_MeBuf                             0x20007f9c   Data          20  rs485.o(.bss)
    USART1_TDBuf                             0x20007fb0   Data          20  rs485.o(.bss)
    USART1_RxBuft                            0x20007fc4   Data          40  rs485.o(.bss)
    USART1_TxBuf                             0x20007fec   Data          40  rs485.o(.bss)
    __initial_sp                             0x2000c018   Data           0  startup_stm32f407xx.o(STACK)



==============================================================================

Memory Map of the image

  Image Entry point : 0x08000189

  Load Region LR_IROM1 (Base: 0x08000000, Size: 0x00015bc4, Max: 0x00100000, ABSOLUTE, COMPRESSED[0x000158b4])

    Execution Region ER_IROM1 (Base: 0x08000000, Size: 0x000157f8, Max: 0x00100000, ABSOLUTE)

    Base Addr    Size         Type   Attr      Idx    E Section Name        Object

    0x08000000   0x00000188   Data   RO            3    RESET               startup_stm32f407xx.o
    0x08000188   0x00000000   Code   RO         8423  * .ARM.Collect$$$$00000000  mc_w.l(entry.o)
    0x08000188   0x00000004   Code   RO         8799    .ARM.Collect$$$$00000001  mc_w.l(entry2.o)
    0x0800018c   0x00000004   Code   RO         8802    .ARM.Collect$$$$00000004  mc_w.l(entry5.o)
    0x08000190   0x00000000   Code   RO         8804    .ARM.Collect$$$$00000008  mc_w.l(entry7b.o)
    0x08000190   0x00000000   Code   RO         8806    .ARM.Collect$$$$0000000A  mc_w.l(entry8b.o)
    0x08000190   0x00000008   Code   RO         8807    .ARM.Collect$$$$0000000B  mc_w.l(entry9a.o)
    0x08000198   0x00000000   Code   RO         8809    .ARM.Collect$$$$0000000D  mc_w.l(entry10a.o)
    0x08000198   0x00000000   Code   RO         8811    .ARM.Collect$$$$0000000F  mc_w.l(entry11a.o)
    0x08000198   0x00000004   Code   RO         8800    .ARM.Collect$$$$00002712  mc_w.l(entry2.o)
    0x0800019c   0x00000024   Code   RO            4    .text               startup_stm32f407xx.o
    0x080001c0   0x00000062   Code   RO         8426    .text               mc_w.l(uldiv.o)
    0x08000222   0x00000002   PAD
    0x08000224   0x00000024   Code   RO         8456    .text               mc_w.l(rand.o)
    0x08000248   0x00000040   Code   RO         8461    .text               mc_w.l(memmovea.o)
    0x08000288   0x00000024   Code   RO         8463    .text               mc_w.l(memseta.o)
    0x080002ac   0x0000001a   Code   RO         8467    .text               mc_w.l(memcmp.o)
    0x080002c6   0x0000014e   Code   RO         8738    .text               mf_w.l(dadd.o)
    0x08000414   0x000000e4   Code   RO         8740    .text               mf_w.l(dmul.o)
    0x080004f8   0x000000de   Code   RO         8742    .text               mf_w.l(ddiv.o)
    0x080005d6   0x00000022   Code   RO         8746    .text               mf_w.l(dflti.o)
    0x080005f8   0x0000003e   Code   RO         8748    .text               mf_w.l(dfixi.o)
    0x08000636   0x00000026   Code   RO         8750    .text               mf_w.l(f2d.o)
    0x0800065c   0x00000038   Code   RO         8756    .text               mf_w.l(d2f.o)
    0x08000694   0x0000001e   Code   RO         8816    .text               mc_w.l(llshl.o)
    0x080006b2   0x00000020   Code   RO         8818    .text               mc_w.l(llushr.o)
    0x080006d2   0x00000024   Code   RO         8820    .text               mc_w.l(llsshr.o)
    0x080006f6   0x00000000   Code   RO         8831    .text               mc_w.l(iusefp.o)
    0x080006f6   0x0000006e   Code   RO         8832    .text               mf_w.l(fepilogue.o)
    0x08000764   0x000000ba   Code   RO         8834    .text               mf_w.l(depilogue.o)
    0x0800081e   0x00000002   PAD
    0x08000820   0x00000024   Code   RO         8838    .text               mc_w.l(init.o)
    0x08000844   0x000000a2   Code   RO         8842    .text               mf_w.l(dsqrt.o)
    0x080008e6   0x0000001a   Code   RO         8844    .text               mf_w.l(dfltui.o)
    0x08000900   0x00000056   Code   RO         8856    .text               mc_w.l(__dczerorl2.o)
    0x08000956   0x00000002   PAD
    0x08000958   0x00000024   Code   RO         7937    i.BatteryFeedback   rotunbot_can.o
    0x0800097c   0x00000040   Code   RO         7938    i.Battery_send      rotunbot_can.o
    0x080009bc   0x00000004   Code   RO          678    i.BusFault_Handler  stm32f4xx_it.o
    0x080009c0   0x00000010   Code   RO          679    i.CAN1_RX0_IRQHandler  stm32f4xx_it.o
    0x080009d0   0x00000010   Code   RO          680    i.CAN2_RX0_IRQHandler  stm32f4xx_it.o
    0x080009e0   0x00000020   Code   RO         7939    i.CAN_Config        rotunbot_can.o
    0x08000a00   0x00000030   Code   RO         7940    i.CAN_Filter_Config  rotunbot_can.o
    0x08000a30   0x00000090   Code   RO         7941    i.CAN_SetMsg        rotunbot_can.o
    0x08000ac0   0x00000098   Code   RO         7942    i.CAN_SetMsg_battery  rotunbot_can.o
    0x08000b58   0x00000040   Code   RO         7943    i.CAN_sendFirstAxis  rotunbot_can.o
    0x08000b98   0x00000040   Code   RO         7944    i.CAN_sendSecondAxis  rotunbot_can.o
    0x08000bd8   0x00000040   Code   RO         7945    i.CAN_sendThirdAxis  rotunbot_can.o
    0x08000c18   0x00000010   Code   RO          681    i.DMA2_Stream2_IRQHandler  stm32f4xx_it.o
    0x08000c28   0x00000010   Code   RO          682    i.DMA2_Stream3_IRQHandler  stm32f4xx_it.o
    0x08000c38   0x00000010   Code   RO          683    i.DMA2_Stream7_IRQHandler  stm32f4xx_it.o
    0x08000c48   0x00000034   Code   RO         1786    i.DMA_CalcBaseAndBitshift  stm32f4xx_hal_dma.o
    0x08000c7c   0x000000aa   Code   RO         1787    i.DMA_CheckFifoParam  stm32f4xx_hal_dma.o
    0x08000d26   0x0000002c   Code   RO         1788    i.DMA_SetConfig     stm32f4xx_hal_dma.o
    0x08000d52   0x00000002   Code   RO          684    i.DebugMon_Handler  stm32f4xx_it.o
    0x08000d54   0x000001b4   Code   RO         7946    i.DriverEnable      rotunbot_can.o
    0x08000f08   0x00000016   Code   RO         1084    i.ETH_DMAReceptionDisable  stm32f4xx_hal_eth.o
    0x08000f1e   0x00000016   Code   RO         1085    i.ETH_DMAReceptionEnable  stm32f4xx_hal_eth.o
    0x08000f34   0x00000016   Code   RO         1086    i.ETH_DMATransmissionDisable  stm32f4xx_hal_eth.o
    0x08000f4a   0x00000016   Code   RO         1087    i.ETH_DMATransmissionEnable  stm32f4xx_hal_eth.o
    0x08000f60   0x00000028   Code   RO         1088    i.ETH_Delay         stm32f4xx_hal_eth.o
    0x08000f88   0x00000038   Code   RO         1089    i.ETH_FlushTransmitFIFO  stm32f4xx_hal_eth.o
    0x08000fc0   0x00000010   Code   RO          685    i.ETH_IRQHandler    stm32f4xx_it.o
    0x08000fd0   0x00000034   Code   RO         1090    i.ETH_MACAddressConfig  stm32f4xx_hal_eth.o
    0x08001004   0x00000244   Code   RO         1091    i.ETH_MACDMAConfig  stm32f4xx_hal_eth.o
    0x08001248   0x00000028   Code   RO         1092    i.ETH_MACReceptionDisable  stm32f4xx_hal_eth.o
    0x08001270   0x00000028   Code   RO         1093    i.ETH_MACReceptionEnable  stm32f4xx_hal_eth.o
    0x08001298   0x00000028   Code   RO         1094    i.ETH_MACTransmissionDisable  stm32f4xx_hal_eth.o
    0x080012c0   0x00000028   Code   RO         1095    i.ETH_MACTransmissionEnable  stm32f4xx_hal_eth.o
    0x080012e8   0x00000006   Code   RO           13    i.Error_Handler     main.o
    0x080012ee   0x0000002a   Code   RO         2465    i.HAL_CAN_ActivateNotification  stm32f4xx_hal_can.o
    0x08001318   0x00000156   Code   RO         2466    i.HAL_CAN_AddTxMessage  stm32f4xx_hal_can.o
    0x0800146e   0x00000002   PAD
    0x08001470   0x00000124   Code   RO         2467    i.HAL_CAN_ConfigFilter  stm32f4xx_hal_can.o
    0x08001594   0x00000044   Code   RO         7947    i.HAL_CAN_ErrorCallback  rotunbot_can.o
    0x080015d8   0x00000028   Code   RO         2472    i.HAL_CAN_GetRxFifoFillLevel  stm32f4xx_hal_can.o
    0x08001600   0x0000017a   Code   RO         2473    i.HAL_CAN_GetRxMessage  stm32f4xx_hal_can.o
    0x0800177a   0x00000036   Code   RO         2475    i.HAL_CAN_GetTxMailboxesFreeLevel  stm32f4xx_hal_can.o
    0x080017b0   0x0000024e   Code   RO         2477    i.HAL_CAN_IRQHandler  stm32f4xx_hal_can.o
    0x080019fe   0x00000174   Code   RO         2478    i.HAL_CAN_Init      stm32f4xx_hal_can.o
    0x08001b72   0x00000002   PAD
    0x08001b74   0x00000160   Code   RO          471    i.HAL_CAN_MspInit   can.o
    0x08001cd4   0x00000002   Code   RO         2485    i.HAL_CAN_RxFifo0FullCallback  stm32f4xx_hal_can.o
    0x08001cd6   0x00000002   PAD
    0x08001cd8   0x0000090c   Code   RO         7948    i.HAL_CAN_RxFifo0MsgPendingCallback  rotunbot_can.o
    0x080025e4   0x00000002   Code   RO         2487    i.HAL_CAN_RxFifo1FullCallback  stm32f4xx_hal_can.o
    0x080025e6   0x00000002   Code   RO         2488    i.HAL_CAN_RxFifo1MsgPendingCallback  stm32f4xx_hal_can.o
    0x080025e8   0x00000002   Code   RO         2489    i.HAL_CAN_SleepCallback  stm32f4xx_hal_can.o
    0x080025ea   0x0000005e   Code   RO         2490    i.HAL_CAN_Start     stm32f4xx_hal_can.o
    0x08002648   0x00000002   Code   RO         2492    i.HAL_CAN_TxMailbox0AbortCallback  stm32f4xx_hal_can.o
    0x0800264a   0x00000002   Code   RO         2493    i.HAL_CAN_TxMailbox0CompleteCallback  stm32f4xx_hal_can.o
    0x0800264c   0x00000002   Code   RO         2494    i.HAL_CAN_TxMailbox1AbortCallback  stm32f4xx_hal_can.o
    0x0800264e   0x00000002   Code   RO         2495    i.HAL_CAN_TxMailbox1CompleteCallback  stm32f4xx_hal_can.o
    0x08002650   0x00000002   Code   RO         2496    i.HAL_CAN_TxMailbox2AbortCallback  stm32f4xx_hal_can.o
    0x08002652   0x00000002   Code   RO         2497    i.HAL_CAN_TxMailbox2CompleteCallback  stm32f4xx_hal_can.o
    0x08002654   0x00000002   Code   RO         2499    i.HAL_CAN_WakeUpFromRxMsgCallback  stm32f4xx_hal_can.o
    0x08002656   0x000000ac   Code   RO         1789    i.HAL_DMA_Abort     stm32f4xx_hal_dma.o
    0x08002702   0x00000028   Code   RO         1790    i.HAL_DMA_Abort_IT  stm32f4xx_hal_dma.o
    0x0800272a   0x00000002   PAD
    0x0800272c   0x00000240   Code   RO         1794    i.HAL_DMA_IRQHandler  stm32f4xx_hal_dma.o
    0x0800296c   0x000000ec   Code   RO         1795    i.HAL_DMA_Init      stm32f4xx_hal_dma.o
    0x08002a58   0x00000092   Code   RO         1799    i.HAL_DMA_Start_IT  stm32f4xx_hal_dma.o
    0x08002aea   0x00000002   PAD
    0x08002aec   0x00000028   Code   RO         2213    i.HAL_Delay         stm32f4xx_hal.o
    0x08002b14   0x00000140   Code   RO         1097    i.HAL_ETH_ConfigMAC  stm32f4xx_hal_eth.o
    0x08002c54   0x0000008c   Code   RO         1098    i.HAL_ETH_DMARxDescListInit  stm32f4xx_hal_eth.o
    0x08002ce0   0x00000084   Code   RO         1099    i.HAL_ETH_DMATxDescListInit  stm32f4xx_hal_eth.o
    0x08002d64   0x00000002   Code   RO         1101    i.HAL_ETH_ErrorCallback  stm32f4xx_hal_eth.o
    0x08002d66   0x000000b2   Code   RO         1102    i.HAL_ETH_GetReceivedFrame  stm32f4xx_hal_eth.o
    0x08002e18   0x000000a4   Code   RO         1105    i.HAL_ETH_IRQHandler  stm32f4xx_hal_eth.o
    0x08002ebc   0x000002a0   Code   RO         1106    i.HAL_ETH_Init      stm32f4xx_hal_eth.o
    0x0800315c   0x0000016c   Code   RO          821    i.HAL_ETH_MspInit   ethernetif.o
    0x080032c8   0x00000092   Code   RO         1109    i.HAL_ETH_ReadPHYRegister  stm32f4xx_hal_eth.o
    0x0800335a   0x00000002   Code   RO         1110    i.HAL_ETH_RxCpltCallback  stm32f4xx_hal_eth.o
    0x0800335c   0x00000052   Code   RO         1111    i.HAL_ETH_Start     stm32f4xx_hal_eth.o
    0x080033ae   0x00000052   Code   RO         1112    i.HAL_ETH_Stop      stm32f4xx_hal_eth.o
    0x08003400   0x0000013e   Code   RO         1113    i.HAL_ETH_TransmitFrame  stm32f4xx_hal_eth.o
    0x0800353e   0x00000002   Code   RO         1114    i.HAL_ETH_TxCpltCallback  stm32f4xx_hal_eth.o
    0x08003540   0x00000090   Code   RO         1115    i.HAL_ETH_WritePHYRegister  stm32f4xx_hal_eth.o
    0x080035d0   0x000001f0   Code   RO         1682    i.HAL_GPIO_Init     stm32f4xx_hal_gpio.o
    0x080037c0   0x00000014   Code   RO         1685    i.HAL_GPIO_TogglePin  stm32f4xx_hal_gpio.o
    0x080037d4   0x0000000c   Code   RO         1686    i.HAL_GPIO_WritePin  stm32f4xx_hal_gpio.o
    0x080037e0   0x0000000c   Code   RO         2219    i.HAL_GetTick       stm32f4xx_hal.o
    0x080037ec   0x00000018   Code   RO         2225    i.HAL_IncTick       stm32f4xx_hal.o
    0x08003804   0x0000003c   Code   RO         2226    i.HAL_Init          stm32f4xx_hal.o
    0x08003840   0x0000004c   Code   RO         2227    i.HAL_InitTick      stm32f4xx_hal.o
    0x0800388c   0x00000048   Code   RO          796    i.HAL_MspInit       stm32f4xx_hal_msp.o
    0x080038d4   0x00000020   Code   RO         2071    i.HAL_NVIC_EnableIRQ  stm32f4xx_hal_cortex.o
    0x080038f4   0x0000007c   Code   RO         2077    i.HAL_NVIC_SetPriority  stm32f4xx_hal_cortex.o
    0x08003970   0x00000028   Code   RO         2078    i.HAL_NVIC_SetPriorityGrouping  stm32f4xx_hal_cortex.o
    0x08003998   0x00000184   Code   RO         1283    i.HAL_RCC_ClockConfig  stm32f4xx_hal_rcc.o
    0x08003b1c   0x0000000c   Code   RO         1288    i.HAL_RCC_GetHCLKFreq  stm32f4xx_hal_rcc.o
    0x08003b28   0x00000020   Code   RO         1290    i.HAL_RCC_GetPCLK1Freq  stm32f4xx_hal_rcc.o
    0x08003b48   0x00000020   Code   RO         1291    i.HAL_RCC_GetPCLK2Freq  stm32f4xx_hal_rcc.o
    0x08003b68   0x000000b0   Code   RO         1292    i.HAL_RCC_GetSysClockFreq  stm32f4xx_hal_rcc.o
    0x08003c18   0x0000049c   Code   RO         1295    i.HAL_RCC_OscConfig  stm32f4xx_hal_rcc.o
    0x080040b4   0x00000034   Code   RO         2082    i.HAL_SYSTICK_Config  stm32f4xx_hal_cortex.o
    0x080040e8   0x00000002   Code   RO         3415    i.HAL_TIMEx_BreakCallback  stm32f4xx_hal_tim_ex.o
    0x080040ea   0x00000002   Code   RO         3416    i.HAL_TIMEx_CommutCallback  stm32f4xx_hal_tim_ex.o
    0x080040ec   0x000000b4   Code   RO         3434    i.HAL_TIMEx_MasterConfigSynchronization  stm32f4xx_hal_tim_ex.o
    0x080041a0   0x00000066   Code   RO         2700    i.HAL_TIM_Base_Init  stm32f4xx_hal_tim.o
    0x08004206   0x00000002   PAD
    0x08004208   0x00000280   Code   RO          548    i.HAL_TIM_Base_MspInit  tim.o
    0x08004488   0x000000a8   Code   RO         2705    i.HAL_TIM_Base_Start_IT  stm32f4xx_hal_tim.o
    0x08004530   0x0000010c   Code   RO         2709    i.HAL_TIM_ConfigClockSource  stm32f4xx_hal_tim.o
    0x0800463c   0x00000002   Code   RO         2730    i.HAL_TIM_ErrorCallback  stm32f4xx_hal_tim.o
    0x0800463e   0x00000002   Code   RO         2734    i.HAL_TIM_IC_CaptureCallback  stm32f4xx_hal_tim.o
    0x08004640   0x00000002   Code   RO         2735    i.HAL_TIM_IC_CaptureHalfCpltCallback  stm32f4xx_hal_tim.o
    0x08004642   0x000000de   Code   RO         2736    i.HAL_TIM_IC_ConfigChannel  stm32f4xx_hal_tim.o
    0x08004720   0x00000066   Code   RO         2739    i.HAL_TIM_IC_Init   stm32f4xx_hal_tim.o
    0x08004786   0x00000002   Code   RO         2741    i.HAL_TIM_IC_MspInit  stm32f4xx_hal_tim.o
    0x08004788   0x00000260   Code   RO         2743    i.HAL_TIM_IC_Start_DMA  stm32f4xx_hal_tim.o
    0x080049e8   0x00000196   Code   RO         2748    i.HAL_TIM_IRQHandler  stm32f4xx_hal_tim.o
    0x08004b7e   0x00000002   PAD
    0x08004b80   0x00000064   Code   RO          549    i.HAL_TIM_MspPostInit  tim.o
    0x08004be4   0x00000002   Code   RO         2751    i.HAL_TIM_OC_DelayElapsedCallback  stm32f4xx_hal_tim.o
    0x08004be6   0x00000104   Code   RO         2772    i.HAL_TIM_PWM_ConfigChannel  stm32f4xx_hal_tim.o
    0x08004cea   0x00000066   Code   RO         2775    i.HAL_TIM_PWM_Init  stm32f4xx_hal_tim.o
    0x08004d50   0x00000002   Code   RO         2777    i.HAL_TIM_PWM_MspInit  stm32f4xx_hal_tim.o
    0x08004d52   0x00000002   Code   RO         2778    i.HAL_TIM_PWM_PulseFinishedCallback  stm32f4xx_hal_tim.o
    0x08004d54   0x0000010c   Code   RO         2780    i.HAL_TIM_PWM_Start  stm32f4xx_hal_tim.o
    0x08004e60   0x00000078   Code   RO           14    i.HAL_TIM_PeriodElapsedCallback  main.o
    0x08004ed8   0x0000006c   Code   RO         2789    i.HAL_TIM_SlaveConfigSynchro  stm32f4xx_hal_tim.o
    0x08004f44   0x00000002   Code   RO         2791    i.HAL_TIM_TriggerCallback  stm32f4xx_hal_tim.o
    0x08004f46   0x00000002   Code   RO         3693    i.HAL_UARTEx_RxEventCallback  stm32f4xx_hal_uart.o
    0x08004f48   0x00000002   Code   RO         3707    i.HAL_UART_ErrorCallback  stm32f4xx_hal_uart.o
    0x08004f4a   0x00000002   PAD
    0x08004f4c   0x000002e0   Code   RO         3710    i.HAL_UART_IRQHandler  stm32f4xx_hal_uart.o
    0x0800522c   0x00000072   Code   RO         3711    i.HAL_UART_Init     stm32f4xx_hal_uart.o
    0x0800529e   0x00000002   PAD
    0x080052a0   0x00000160   Code   RO          625    i.HAL_UART_MspInit  usart.o
    0x08005400   0x00000042   Code   RO         3716    i.HAL_UART_Receive_IT  stm32f4xx_hal_uart.o
    0x08005442   0x00000002   PAD
    0x08005444   0x0000001c   Code   RO         8311    i.HAL_UART_RxCpltCallback  rs485.o
    0x08005460   0x000000d2   Code   RO         3719    i.HAL_UART_Transmit  stm32f4xx_hal_uart.o
    0x08005532   0x00000002   Code   RO         3722    i.HAL_UART_TxCpltCallback  stm32f4xx_hal_uart.o
    0x08005534   0x00000004   Code   RO          686    i.HardFault_Handler  stm32f4xx_it.o
    0x08005538   0x00000018   Code   RO         7949    i.Init_RxMes        rotunbot_can.o
    0x08005550   0x00000058   Code   RO          472    i.MX_CAN1_Init      can.o
    0x080055a8   0x0000004c   Code   RO          473    i.MX_CAN2_Init      can.o
    0x080055f4   0x00000058   Code   RO          519    i.MX_DMA_Init       dma.o
    0x0800564c   0x0000025c   Code   RO          346    i.MX_GPIO_Init      gpio.o
    0x080058a8   0x00000240   Code   RO         1006    i.MX_LWIP_Init      lwip.o
    0x08005ae8   0x00000018   Code   RO         1007    i.MX_LWIP_Process   lwip.o
    0x08005b00   0x000000e4   Code   RO          550    i.MX_TIM1_Init      tim.o
    0x08005be4   0x00000074   Code   RO          551    i.MX_TIM3_Init      tim.o
    0x08005c58   0x000000b8   Code   RO          552    i.MX_TIM4_Init      tim.o
    0x08005d10   0x00000048   Code   RO          553    i.MX_TIM7_Init      tim.o
    0x08005d58   0x00000114   Code   RO          554    i.MX_TIM8_Init      tim.o
    0x08005e6c   0x00000038   Code   RO          626    i.MX_UART5_Init     usart.o
    0x08005ea4   0x00000038   Code   RO          627    i.MX_USART1_UART_Init  usart.o
    0x08005edc   0x00000004   Code   RO          687    i.MemManage_Handler  stm32f4xx_it.o
    0x08005ee0   0x00000004   Code   RO          688    i.NMI_Handler       stm32f4xx_it.o
    0x08005ee4   0x00000104   Code   RO         7626    i.PID_Loc           rotunbot_algorithm.o
    0x08005fe8   0x00000002   Code   RO          689    i.PendSV_Handler    stm32f4xx_it.o
    0x08005fea   0x00000002   PAD
    0x08005fec   0x0000003c   Code   RO         8312    i.RS485_Receive_Data  rs485.o
    0x08006028   0x00000114   Code   RO         8314    i.RS485_handle      rs485.o
    0x0800613c   0x00000154   Code   RO         8315    i.RS485_send        rs485.o
    0x08006290   0x00000248   Code   RO         8245    i.RemoteRx          rotunbot_pwm.o
    0x080064d8   0x00000002   Code   RO          690    i.SVC_Handler       stm32f4xx_it.o
    0x080064da   0x00000008   Code   RO          691    i.SysTick_Handler   stm32f4xx_it.o
    0x080064e2   0x00000002   PAD
    0x080064e4   0x000000b4   Code   RO           15    i.SystemClock_Config  main.o
    0x08006598   0x00000014   Code   RO         4050    i.SystemInit        system_stm32f4xx.o
    0x080065ac   0x00000010   Code   RO          692    i.TIM3_IRQHandler   stm32f4xx_it.o
    0x080065bc   0x000000d8   Code   RO         2793    i.TIM_Base_SetConfig  stm32f4xx_hal_tim.o
    0x08006694   0x00000022   Code   RO         2794    i.TIM_CCxChannelCmd  stm32f4xx_hal_tim.o
    0x080066b6   0x0000007a   Code   RO         2795    i.TIM_DMACaptureCplt  stm32f4xx_hal_tim.o
    0x08006730   0x00000040   Code   RO         2796    i.TIM_DMACaptureHalfCplt  stm32f4xx_hal_tim.o
    0x08006770   0x0000005e   Code   RO         2799    i.TIM_DMAError      stm32f4xx_hal_tim.o
    0x080067ce   0x00000016   Code   RO         2804    i.TIM_ETR_SetConfig  stm32f4xx_hal_tim.o
    0x080067e4   0x00000012   Code   RO         2805    i.TIM_ITRx_SetConfig  stm32f4xx_hal_tim.o
    0x080067f6   0x00000002   PAD
    0x080067f8   0x00000070   Code   RO         2806    i.TIM_OC1_SetConfig  stm32f4xx_hal_tim.o
    0x08006868   0x0000007c   Code   RO         2807    i.TIM_OC2_SetConfig  stm32f4xx_hal_tim.o
    0x080068e4   0x00000078   Code   RO         2808    i.TIM_OC3_SetConfig  stm32f4xx_hal_tim.o
    0x0800695c   0x00000054   Code   RO         2809    i.TIM_OC4_SetConfig  stm32f4xx_hal_tim.o
    0x080069b0   0x000000b2   Code   RO         2810    i.TIM_SlaveTimer_SetConfig  stm32f4xx_hal_tim.o
    0x08006a62   0x00000026   Code   RO         2811    i.TIM_TI1_ConfigInputStage  stm32f4xx_hal_tim.o
    0x08006a88   0x00000090   Code   RO         2812    i.TIM_TI1_SetConfig  stm32f4xx_hal_tim.o
    0x08006b18   0x00000028   Code   RO         2813    i.TIM_TI2_ConfigInputStage  stm32f4xx_hal_tim.o
    0x08006b40   0x0000003a   Code   RO         2814    i.TIM_TI2_SetConfig  stm32f4xx_hal_tim.o
    0x08006b7a   0x00000038   Code   RO         2815    i.TIM_TI3_SetConfig  stm32f4xx_hal_tim.o
    0x08006bb2   0x0000003c   Code   RO         2816    i.TIM_TI4_SetConfig  stm32f4xx_hal_tim.o
    0x08006bee   0x00000002   PAD
    0x08006bf0   0x00000054   Code   RO         7950    i.TPDO_Enable       rotunbot_can.o
    0x08006c44   0x00000014   Code   RO         3724    i.UART_DMAAbortOnError  stm32f4xx_hal_uart.o
    0x08006c58   0x0000006c   Code   RO         3734    i.UART_EndRxTransfer  stm32f4xx_hal_uart.o
    0x08006cc4   0x00000020   Code   RO         3735    i.UART_EndTransmit_IT  stm32f4xx_hal_uart.o
    0x08006ce4   0x000000f8   Code   RO         3737    i.UART_Receive_IT   stm32f4xx_hal_uart.o
    0x08006ddc   0x0000022c   Code   RO         3738    i.UART_SetConfig    stm32f4xx_hal_uart.o
    0x08007008   0x00000046   Code   RO         3740    i.UART_Start_Receive_IT  stm32f4xx_hal_uart.o
    0x0800704e   0x00000060   Code   RO         3741    i.UART_Transmit_IT  stm32f4xx_hal_uart.o
    0x080070ae   0x00000092   Code   RO         3742    i.UART_WaitOnFlagUntilTimeout  stm32f4xx_hal_uart.o
    0x08007140   0x00000010   Code   RO         8316    i.USART1_IRQHandler  rs485.o
    0x08007150   0x00000004   Code   RO          693    i.UsageFault_Handler  stm32f4xx_it.o
    0x08007154   0x00000020   Code   RO         8608    i.__0printf$5       mc_w.l(printf5.o)
    0x08007174   0x00000030   Code   RO         8772    i.__ARM_fpclassify  m_wm.l(fpclassify.o)
    0x080071a4   0x00000010   Code   RO         2084    i.__NVIC_GetPriorityGrouping  stm32f4xx_hal_cortex.o
    0x080071b4   0x00000028   Code   RO         2085    i.__NVIC_SetPriority  stm32f4xx_hal_cortex.o
    0x080071dc   0x00000004   PAD
    0x080071e0   0x00000360   Code   RO         8391    i.__hardfp_asin     m_wm.l(asin.o)
    0x08007540   0x00000080   Code   RO         8411    i.__hardfp_tan      m_wm.l(tan.o)
    0x080075c0   0x00000438   Code   RO         8776    i.__ieee754_rem_pio2  m_wm.l(rred.o)
    0x080079f8   0x000000f8   Code   RO         8774    i.__kernel_poly     m_wm.l(poly.o)
    0x08007af0   0x00000350   Code   RO         8793    i.__kernel_tan      m_wm.l(tan_i.o)
    0x08007e40   0x00000014   Code   RO         8759    i.__mathlib_dbl_infnan  m_wm.l(dunder.o)
    0x08007e54   0x00000004   PAD
    0x08007e58   0x00000020   Code   RO         8761    i.__mathlib_dbl_invalid  m_wm.l(dunder.o)
    0x08007e78   0x00000020   Code   RO         8764    i.__mathlib_dbl_underflow  m_wm.l(dunder.o)
    0x08007e98   0x0000000e   Code   RO         8850    i.__scatterload_copy  mc_w.l(handlers.o)
    0x08007ea6   0x00000002   Code   RO         8851    i.__scatterload_null  mc_w.l(handlers.o)
    0x08007ea8   0x0000000e   Code   RO         8852    i.__scatterload_zeroinit  mc_w.l(handlers.o)
    0x08007eb6   0x00000002   PAD
    0x08007eb8   0x0000000c   Code   RO         8824    i.__set_errno       mc_w.l(errno.o)
    0x08007ec4   0x000002c0   Code   RO         8615    i._printf_core      mc_w.l(printf5.o)
    0x08008184   0x00000098   Code   RO         8246    i.calculate_average  rotunbot_pwm.o
    0x0800821c   0x000000ac   Code   RO         5424    i.do_memp_free_pool  memp.o
    0x080082c8   0x000000b4   Code   RO         5425    i.do_memp_malloc_pool  memp.o
    0x0800837c   0x00000038   Code   RO         6827    i.etharp_cleanup_netif  etharp.o
    0x080083b4   0x00000300   Code   RO         6829    i.etharp_find_entry  etharp.o
    0x080086b4   0x00000040   Code   RO         6830    i.etharp_free_entry  etharp.o
    0x080086f4   0x0000013c   Code   RO         6832    i.etharp_input      etharp.o
    0x08008830   0x00000224   Code   RO         6833    i.etharp_output     etharp.o
    0x08008a54   0x00000168   Code   RO         6834    i.etharp_output_to_arp_index  etharp.o
    0x08008bbc   0x000002a4   Code   RO         6835    i.etharp_query      etharp.o
    0x08008e60   0x0000018c   Code   RO         6836    i.etharp_raw        etharp.o
    0x08008fec   0x00000018   Code   RO         6837    i.etharp_request    etharp.o
    0x08009004   0x0000002c   Code   RO         6838    i.etharp_request_dst  etharp.o
    0x08009030   0x000000dc   Code   RO         6839    i.etharp_tmr        etharp.o
    0x0800910c   0x0000015c   Code   RO         6840    i.etharp_update_arp_entry  etharp.o
    0x08009268   0x000000c4   Code   RO         4654    i.ethernet_input    ethernet.o
    0x0800932c   0x00000104   Code   RO         4655    i.ethernet_output   ethernet.o
    0x08009430   0x00000098   Code   RO          822    i.ethernetif_init   ethernetif.o
    0x080094c8   0x00000028   Code   RO          823    i.ethernetif_input  ethernetif.o
    0x080094f0   0x00000002   Code   RO          824    i.ethernetif_notify_conn_changed  ethernetif.o
    0x080094f2   0x00000002   PAD
    0x080094f4   0x00000070   Code   RO          825    i.ethernetif_set_link  ethernetif.o
    0x08009564   0x000000d4   Code   RO          826    i.ethernetif_update_config  ethernetif.o
    0x08009638   0x00000018   Code   RO         8407    i.fabs              m_wm.l(fabs.o)
    0x08009650   0x00000070   Code   RO         7953    i.firstAxisModeSelect  rotunbot_can.o
    0x080096c0   0x0000004c   Code   RO         7955    i.firstAxisVelMode  rotunbot_can.o
    0x0800970c   0x00000018   Code   RO          628    i.fputc             usart.o
    0x08009724   0x0000003a   Code   RO         8318    i.getModbusCRC16    rs485.o
    0x0800975e   0x00000012   Code   RO         6930    i.icmp_dest_unreach  icmp.o
    0x08009770   0x00000270   Code   RO         6931    i.icmp_input        icmp.o
    0x080099e0   0x0000011c   Code   RO         6932    i.icmp_send_response  icmp.o
    0x08009afc   0x00000012   Code   RO         6933    i.icmp_time_exceeded  icmp.o
    0x08009b0e   0x00000002   PAD
    0x08009b10   0x0000008c   Code   RO         7957    i.imuFeedback       rotunbot_can.o
    0x08009b9c   0x0000006c   Code   RO         7958    i.internalStateFeedback  rotunbot_can.o
    0x08009c08   0x0000004e   Code   RO         7051    i.ip4_addr_isbroadcast_u32  ip4_addr.o
    0x08009c56   0x00000002   PAD
    0x08009c58   0x000002cc   Code   RO         7119    i.ip4_frag          ip4_frag.o
    0x08009f24   0x0000019c   Code   RO         6996    i.ip4_input         ip4.o
    0x0800a0c0   0x00000034   Code   RO         6997    i.ip4_input_accept  ip4.o
    0x0800a0f4   0x00000036   Code   RO         6999    i.ip4_output_if     ip4.o
    0x0800a12a   0x00000002   PAD
    0x0800a12c   0x0000019c   Code   RO         7000    i.ip4_output_if_src  ip4.o
    0x0800a2c8   0x000002fc   Code   RO         7120    i.ip4_reass         ip4_frag.o
    0x0800a5c4   0x00000094   Code   RO         7001    i.ip4_route         ip4.o
    0x0800a658   0x0000000a   Code   RO         7121    i.ip_frag_alloc_pbuf_custom_ref  ip4_frag.o
    0x0800a662   0x00000002   PAD
    0x0800a664   0x00000098   Code   RO         7122    i.ip_frag_free_pbuf_custom_ref  ip4_frag.o
    0x0800a6fc   0x00000304   Code   RO         7123    i.ip_reass_chain_frag_into_datagram_and_validate  ip4_frag.o
    0x0800aa00   0x000000c4   Code   RO         7124    i.ip_reass_dequeue_datagram  ip4_frag.o
    0x0800aac4   0x00000054   Code   RO         7125    i.ip_reass_enqueue_new_datagram  ip4_frag.o
    0x0800ab18   0x000001e0   Code   RO         7126    i.ip_reass_free_complete_datagram  ip4_frag.o
    0x0800acf8   0x00000088   Code   RO         7127    i.ip_reass_remove_oldest_datagram  ip4_frag.o
    0x0800ad80   0x00000034   Code   RO         7128    i.ip_reass_tmr      ip4_frag.o
    0x0800adb4   0x000000c8   Code   RO         7129    i.ipfrag_free_pbuf_custom  ip4_frag.o
    0x0800ae7c   0x000000ec   Code   RO          827    i.low_level_init    ethernetif.o
    0x0800af68   0x00000104   Code   RO          828    i.low_level_input   ethernetif.o
    0x0800b06c   0x000000e8   Code   RO          829    i.low_level_output  ethernetif.o
    0x0800b154   0x00000050   Code   RO         6573    i.lwip_cyclic_timer  timeouts.o
    0x0800b1a4   0x0000001a   Code   RO         5084    i.lwip_htonl        def.o
    0x0800b1be   0x0000000c   Code   RO         5085    i.lwip_htons        def.o
    0x0800b1ca   0x00000002   PAD
    0x0800b1cc   0x0000009c   Code   RO         5236    i.lwip_init         init.o
    0x0800b268   0x0000099c   Code   RO           16    i.main              main.o
    0x0800bc04   0x000001c4   Code   RO         5346    i.mem_free          mem.o
    0x0800bdc8   0x0000005c   Code   RO         5347    i.mem_init          mem.o
    0x0800be24   0x00000058   Code   RO         5348    i.mem_link_valid    mem.o
    0x0800be7c   0x000002a8   Code   RO         5349    i.mem_malloc        mem.o
    0x0800c124   0x00000010   Code   RO         5350    i.mem_to_ptr        mem.o
    0x0800c134   0x00000234   Code   RO         5351    i.mem_trim          mem.o
    0x0800c368   0x000000b0   Code   RO         5426    i.memp_free         memp.o
    0x0800c418   0x00000020   Code   RO         5428    i.memp_init         memp.o
    0x0800c438   0x0000002c   Code   RO         5429    i.memp_init_pool    memp.o
    0x0800c464   0x000000b0   Code   RO         5430    i.memp_malloc       memp.o
    0x0800c514   0x00000138   Code   RO         7959    i.motorFeedback     rotunbot_can.o
    0x0800c64c   0x00000230   Code   RO         5533    i.netif_add         netif.o
    0x0800c87c   0x00000018   Code   RO         5535    i.netif_do_ip_addr_changed  netif.o
    0x0800c894   0x00000026   Code   RO         5536    i.netif_do_set_gw   netif.o
    0x0800c8ba   0x00000002   PAD
    0x0800c8bc   0x000000f0   Code   RO         5537    i.netif_do_set_ipaddr  netif.o
    0x0800c9ac   0x00000026   Code   RO         5538    i.netif_do_set_netmask  netif.o
    0x0800c9d2   0x00000002   PAD
    0x0800c9d4   0x00000028   Code   RO         5540    i.netif_get_by_index  netif.o
    0x0800c9fc   0x00000002   Code   RO         5542    i.netif_init        netif.o
    0x0800c9fe   0x00000002   PAD
    0x0800ca00   0x000000d8   Code   RO         5544    i.netif_issue_reports  netif.o
    0x0800cad8   0x00000008   Code   RO         5546    i.netif_null_output_ip4  netif.o
    0x0800cae0   0x00000060   Code   RO         5548    i.netif_set_addr    netif.o
    0x0800cb40   0x0000000c   Code   RO         5549    i.netif_set_default  netif.o
    0x0800cb4c   0x000000d8   Code   RO         5550    i.netif_set_down    netif.o
    0x0800cc24   0x00000006   Code   RO         5553    i.netif_set_link_callback  netif.o
    0x0800cc2a   0x00000002   PAD
    0x0800cc2c   0x000000cc   Code   RO         5554    i.netif_set_link_down  netif.o
    0x0800ccf8   0x000000d4   Code   RO         5555    i.netif_set_link_up  netif.o
    0x0800cdcc   0x000000cc   Code   RO         5558    i.netif_set_up      netif.o
    0x0800ce98   0x00000128   Code   RO         7634    i.paramInit         rotunbot_algorithm.o
    0x0800cfc0   0x00000012   Code   RO         5728    i.pbuf_add_header   pbuf.o
    0x0800cfd2   0x00000002   PAD
    0x0800cfd4   0x000000e8   Code   RO         5730    i.pbuf_add_header_impl  pbuf.o
    0x0800d0bc   0x0000029c   Code   RO         5731    i.pbuf_alloc        pbuf.o
    0x0800d358   0x000000bc   Code   RO         5732    i.pbuf_alloc_reference  pbuf.o
    0x0800d414   0x00000052   Code   RO         5733    i.pbuf_alloced_custom  pbuf.o
    0x0800d466   0x00000002   PAD
    0x0800d468   0x00000150   Code   RO         5734    i.pbuf_cat          pbuf.o
    0x0800d5b8   0x00000016   Code   RO         5735    i.pbuf_chain        pbuf.o
    0x0800d5ce   0x00000012   Code   RO         5736    i.pbuf_clen         pbuf.o
    0x0800d5e0   0x000000b0   Code   RO         5737    i.pbuf_clone        pbuf.o
    0x0800d690   0x00000228   Code   RO         5739    i.pbuf_copy         pbuf.o
    0x0800d8b8   0x00000140   Code   RO         5740    i.pbuf_copy_partial  pbuf.o
    0x0800d9f8   0x0000019c   Code   RO         5742    i.pbuf_free         pbuf.o
    0x0800db94   0x00000012   Code   RO         5747    i.pbuf_header_force  pbuf.o
    0x0800dba6   0x00000022   Code   RO         5748    i.pbuf_header_impl  pbuf.o
    0x0800dbc8   0x0000001e   Code   RO         5749    i.pbuf_init_alloced_pbuf  pbuf.o
    0x0800dbe6   0x00000002   PAD
    0x0800dbe8   0x00000168   Code   RO         5753    i.pbuf_realloc      pbuf.o
    0x0800dd50   0x0000009c   Code   RO         5754    i.pbuf_ref          pbuf.o
    0x0800ddec   0x000000f4   Code   RO         5755    i.pbuf_remove_header  pbuf.o
    0x0800dee0   0x000001c8   Code   RO         5759    i.pbuf_take         pbuf.o
    0x0800e0a8   0x000001d8   Code   RO         5352    i.plug_holes        mem.o
    0x0800e280   0x00000010   Code   RO         5353    i.ptr_to_mem        mem.o
    0x0800e290   0x00000050   Code   RO         8247    i.pwmInit           rotunbot_pwm.o
    0x0800e2e0   0x00000088   Code   RO         7962    i.secondAxisModeSelect  rotunbot_can.o
    0x0800e368   0x00000068   Code   RO         7963    i.secondAxisPosMode  rotunbot_can.o
    0x0800e3d0   0x00000084   Code   RO         8178    i.send_ANO_msg      rotunbot_comm.o
    0x0800e454   0x0000006e   Code   RO         8783    i.sqrt              m_wm.l(sqrt.o)
    0x0800e4c2   0x00000002   PAD
    0x0800e4c4   0x00000054   Code   RO         6574    i.sys_check_timeouts  timeouts.o
    0x0800e518   0x00000008   Code   RO          831    i.sys_now           ethernetif.o
    0x0800e520   0x000000d0   Code   RO         6576    i.sys_timeout       timeouts.o
    0x0800e5f0   0x00000140   Code   RO         6577    i.sys_timeout_abs   timeouts.o
    0x0800e730   0x00000028   Code   RO         6578    i.sys_timeouts_init  timeouts.o
    0x0800e758   0x000001cc   Code   RO         6000    i.tcp_abandon       tcp.o
    0x0800e924   0x0000000e   Code   RO         6001    i.tcp_abort         tcp.o
    0x0800e932   0x00000002   PAD
    0x0800e934   0x000000bc   Code   RO         6004    i.tcp_alloc         tcp.o
    0x0800e9f0   0x000000b0   Code   RO         6008    i.tcp_close         tcp.o
    0x0800eaa0   0x0000020c   Code   RO         6009    i.tcp_close_shutdown  tcp.o
    0x0800ecac   0x000000e8   Code   RO         6010    i.tcp_close_shutdown_fin  tcp.o
    0x0800ed94   0x000001d4   Code   RO         6413    i.tcp_create_segment  tcp_out.o
    0x0800ef68   0x000000d4   Code   RO         6013    i.tcp_eff_send_mss_netif  tcp.o
    0x0800f03c   0x000002c0   Code   RO         6414    i.tcp_enqueue_flags  tcp_out.o
    0x0800f2fc   0x0000009c   Code   RO         6015    i.tcp_fasttmr       tcp.o
    0x0800f398   0x00000094   Code   RO         6016    i.tcp_free          tcp.o
    0x0800f42c   0x0000015c   Code   RO         6329    i.tcp_free_acked_segments  tcp_in.o
    0x0800f588   0x0000009c   Code   RO         6017    i.tcp_free_listen   tcp.o
    0x0800f624   0x00000048   Code   RO         6330    i.tcp_get_next_optbyte  tcp_in.o
    0x0800f66c   0x00000034   Code   RO         6018    i.tcp_handle_closepend  tcp.o
    0x0800f6a0   0x00000018   Code   RO         6019    i.tcp_init          tcp.o
    0x0800f6b8   0x00000814   Code   RO         6331    i.tcp_input         tcp_in.o
    0x0800fecc   0x000000e8   Code   RO         6332    i.tcp_input_delayed_close  tcp_in.o
    0x0800ffb4   0x000000dc   Code   RO         6415    i.tcp_keepalive     tcp_out.o
    0x08010090   0x00000068   Code   RO         6020    i.tcp_kill_prio     tcp.o
    0x080100f8   0x000000d0   Code   RO         6021    i.tcp_kill_state    tcp.o
    0x080101c8   0x0000003c   Code   RO         6022    i.tcp_kill_timewait  tcp.o
    0x08010204   0x000000d4   Code   RO         6023    i.tcp_listen_closed  tcp.o
    0x080102d8   0x000001f4   Code   RO         6333    i.tcp_listen_input  tcp_in.o
    0x080104cc   0x0000004c   Code   RO         6026    i.tcp_netif_ip_addr_changed  tcp.o
    0x08010518   0x000000d0   Code   RO         6027    i.tcp_netif_ip_addr_changed_pcblist  tcp.o
    0x080105e8   0x000000b0   Code   RO         6031    i.tcp_next_iss      tcp.o
    0x08010698   0x00000364   Code   RO         6416    i.tcp_output        tcp_out.o
    0x080109fc   0x000000dc   Code   RO         6417    i.tcp_output_alloc_header  tcp_out.o
    0x08010ad8   0x00000124   Code   RO         6418    i.tcp_output_alloc_header_common  tcp_out.o
    0x08010bfc   0x000000fc   Code   RO         6419    i.tcp_output_control_segment  tcp_out.o
    0x08010cf8   0x00000124   Code   RO         6420    i.tcp_output_fill_options  tcp_out.o
    0x08010e1c   0x0000024c   Code   RO         6421    i.tcp_output_segment  tcp_out.o
    0x08011068   0x000000b4   Code   RO         6422    i.tcp_output_segment_busy  tcp_out.o
    0x0801111c   0x00000130   Code   RO         6334    i.tcp_parseopt      tcp_in.o
    0x0801124c   0x000000d4   Code   RO         6032    i.tcp_pcb_purge     tcp.o
    0x08011320   0x000001a4   Code   RO         6033    i.tcp_pcb_remove    tcp.o
    0x080114c4   0x00000744   Code   RO         6335    i.tcp_process       tcp_in.o
    0x08011c08   0x00000134   Code   RO         6035    i.tcp_process_refused_data  tcp.o
    0x08011d3c   0x000007d0   Code   RO         6336    i.tcp_receive       tcp_in.o
    0x0801250c   0x000000c4   Code   RO         6037    i.tcp_recv_null     tcp.o
    0x080125d0   0x0000011c   Code   RO         6038    i.tcp_recved        tcp.o
    0x080126ec   0x000000b4   Code   RO         6039    i.tcp_remove_listener  tcp.o
    0x080127a0   0x00000104   Code   RO         6424    i.tcp_rexmit        tcp_out.o
    0x080128a4   0x0000010c   Code   RO         6425    i.tcp_rexmit_fast   tcp_out.o
    0x080129b0   0x000000a8   Code   RO         6426    i.tcp_rexmit_rto    tcp_out.o
    0x08012a58   0x000000b8   Code   RO         6427    i.tcp_rexmit_rto_commit  tcp_out.o
    0x08012b10   0x00000118   Code   RO         6428    i.tcp_rexmit_rto_prepare  tcp_out.o
    0x08012c28   0x0000001e   Code   RO         6429    i.tcp_route         tcp_out.o
    0x08012c46   0x00000002   PAD
    0x08012c48   0x00000128   Code   RO         6430    i.tcp_rst           tcp_out.o
    0x08012d70   0x0000001a   Code   RO         6040    i.tcp_seg_free      tcp.o
    0x08012d8a   0x00000018   Code   RO         6041    i.tcp_segs_free     tcp.o
    0x08012da2   0x00000002   PAD
    0x08012da4   0x00000140   Code   RO         6431    i.tcp_send_empty_ack  tcp_out.o
    0x08012ee4   0x000000e0   Code   RO         6432    i.tcp_send_fin      tcp_out.o
    0x08012fc4   0x00000714   Code   RO         6045    i.tcp_slowtmr       tcp.o
    0x080136d8   0x000002d0   Code   RO         6433    i.tcp_split_unsent_seg  tcp_out.o
    0x080139a8   0x00000038   Code   RO         6581    i.tcp_timer_needed  timeouts.o
    0x080139e0   0x00000144   Code   RO         6337    i.tcp_timewait_input  tcp_in.o
    0x08013b24   0x00000024   Code   RO         6047    i.tcp_tmr           tcp.o
    0x08013b48   0x00000014   Code   RO         6338    i.tcp_trigger_input_pcb_close  tcp_in.o
    0x08013b5c   0x00000118   Code   RO         6049    i.tcp_update_rcv_ann_wnd  tcp.o
    0x08013c74   0x00000170   Code   RO         6436    i.tcp_zero_window_probe  tcp_out.o
    0x08013de4   0x00000038   Code   RO         6582    i.tcpip_tcp_timer   timeouts.o
    0x08013e1c   0x0000003c   Code   RO         7967    i.thirdAxisCurrentMode  rotunbot_can.o
    0x08013e58   0x00000088   Code   RO         7968    i.thirdAxisModeSelect  rotunbot_can.o
    0x08013ee0   0x00000050   Code   RO         8179    i.udpClientInit     rotunbot_comm.o
    0x08013f30   0x00000038   Code   RO         8180    i.udpClientSend     rotunbot_comm.o
    0x08013f68   0x00000118   Code   RO         8181    i.udpReceiveCallback  rotunbot_comm.o
    0x08014080   0x00000124   Code   RO         6661    i.udp_bind          udp.o
    0x080141a4   0x00000134   Code   RO         6663    i.udp_connect       udp.o
    0x080142d8   0x00000018   Code   RO         6665    i.udp_init          udp.o
    0x080142f0   0x0000024c   Code   RO         6666    i.udp_input         udp.o
    0x0801453c   0x00000138   Code   RO         6667    i.udp_input_local_match  udp.o
    0x08014674   0x00000030   Code   RO         6668    i.udp_netif_ip_addr_changed  udp.o
    0x080146a4   0x0000001c   Code   RO         6669    i.udp_new           udp.o
    0x080146c0   0x00000058   Code   RO         6671    i.udp_new_port      udp.o
    0x08014718   0x0000009c   Code   RO         6672    i.udp_recv          udp.o
    0x080147b4   0x000000d4   Code   RO         6673    i.udp_remove        udp.o
    0x08014888   0x000000dc   Code   RO         6674    i.udp_send          udp.o
    0x08014964   0x00000144   Code   RO         6675    i.udp_sendto        udp.o
    0x08014aa8   0x00000198   Code   RO         6676    i.udp_sendto_if     udp.o
    0x08014c40   0x000002b4   Code   RO         6677    i.udp_sendto_if_src  udp.o
    0x08014ef4   0x00000008   Data   RO         1801    .constdata          stm32f4xx_hal_dma.o
    0x08014efc   0x00000018   Data   RO         4051    .constdata          system_stm32f4xx.o
    0x08014f14   0x0000000c   Data   RO         4656    .constdata          ethernet.o
    0x08014f20   0x00000090   Data   RO         5433    .constdata          memp.o
    0x08014fb0   0x00000050   Data   RO         6050    .constdata          tcp.o
    0x08015000   0x0000001c   Data   RO         6583    .constdata          timeouts.o
    0x0801501c   0x00000008   Data   RO         7058    .constdata          ip4_addr.o
    0x08015024   0x00000004   PAD
    0x08015028   0x000004e0   Data   RO         8289    .constdata          rotunbot_vary.o
    0x08015508   0x00000050   Data   RO         8394    .constdata          m_wm.l(asin.o)
    0x08015558   0x000000c8   Data   RO         8778    .constdata          m_wm.l(rred.o)
    0x08015620   0x00000060   Data   RO         8794    .constdata          m_wm.l(tan_i.o)
    0x08015680   0x00000041   Data   RO         5237    .conststring        init.o
    0x080156c1   0x00000003   PAD
    0x080156c4   0x00000075   Data   RO         6051    .conststring        tcp.o
    0x08015739   0x00000003   PAD
    0x0801573c   0x00000055   Data   RO         6437    .conststring        tcp_out.o
    0x08015791   0x00000003   PAD
    0x08015794   0x00000041   Data   RO         6842    .conststring        etharp.o
    0x080157d5   0x00000003   PAD
    0x080157d8   0x00000020   Data   RO         8848    Region$$Table       anon$$obj.o


    Execution Region RW_IRAM1 (Base: 0x20001000, Size: 0x0000b018, Max: 0x0001b000, ABSOLUTE, COMPRESSED[0x000000bc])

    Base Addr    Size         Type   Attr      Idx    E Section Name        Object

    0x20001000   0x0000003c   Data   RW           19    .data               main.o
    0x2000103c   0x00000004   Data   RW          475    .data               can.o
    0x20001040   0x00000004   Data   RW          833    .data               ethernetif.o
    0x20001044   0x00000018   Data   RW         1013    .data               lwip.o
    0x2000105c   0x00000009   Data   RW         2233    .data               stm32f4xx_hal.o
    0x20001065   0x00000003   PAD
    0x20001068   0x00000004   Data   RW         4052    .data               system_stm32f4xx.o
    0x2000106c   0x0000000c   Data   RW         5355    .data               mem.o
    0x20001078   0x00000024   Data   RW         5434    .data               memp.o
    0x2000109c   0x00000009   Data   RW         5559    .data               netif.o
    0x200010a5   0x00000003   PAD
    0x200010a8   0x00000020   Data   RW         6052    .data               tcp.o
    0x200010c8   0x00000028   Data   RW         6340    .data               tcp_in.o
    0x200010f0   0x0000000c   Data   RW         6584    .data               timeouts.o
    0x200010fc   0x00000008   Data   RW         6678    .data               udp.o
    0x20001104   0x00000001   Data   RW         6843    .data               etharp.o
    0x20001105   0x00000001   PAD
    0x20001106   0x00000002   Data   RW         7002    .data               ip4.o
    0x20001108   0x00000006   Data   RW         7130    .data               ip4_frag.o
    0x2000110e   0x0000001a   Data   RW         7975    .data               rotunbot_can.o
    0x20001128   0x00000019   Data   RW         8182    .data               rotunbot_comm.o
    0x20001141   0x00000003   PAD
    0x20001144   0x00000068   Data   RW         8249    .data               rotunbot_pwm.o
    0x200011ac   0x000001f8   Data   RW         8290    .data               rotunbot_vary.o
    0x200013a4   0x0000001c   Data   RW         8320    .data               rs485.o
    0x200013c0   0x00000004   Data   RW         8457    .data               mc_w.l(rand.o)
    0x200013c4   0x00000004   Data   RW         8813    .data               mc_w.l(stdout.o)
    0x200013c8   0x00000004   Data   RW         8825    .data               mc_w.l(errno.o)
    0x200013cc   0x00000050   Zero   RW          474    .bss                can.o
    0x2000141c   0x00000288   Zero   RW          555    .bss                tim.o
    0x200016a4   0x00000088   Zero   RW          629    .bss                usart.o
    0x2000172c   0x000030e8   Zero   RW          832    .bss                ethernetif.o
    0x20004814   0x00000038   Zero   RW         1012    .bss                lwip.o
    0x2000484c   0x00000018   Zero   RW         5314    .bss                ip.o
    0x20004864   0x00000653   Zero   RW         5354    .bss                mem.o
    0x20004eb7   0x00002eab   Zero   RW         5432    .bss                memp.o
    0x20007d62   0x00000002   PAD
    0x20007d64   0x00000010   Zero   RW         6339    .bss                tcp_in.o
    0x20007d74   0x000000f0   Zero   RW         6841    .bss                etharp.o
    0x20007e64   0x00000080   Zero   RW         7973    .bss                rotunbot_can.o
    0x20007ee4   0x000000b8   Zero   RW         8288    .bss                rotunbot_vary.o
    0x20007f9c   0x00000078   Zero   RW         8319    .bss                rs485.o
    0x20008014   0x00000004   PAD
    0x20008018   0x00004000   Zero   RW            1    STACK               startup_stm32f407xx.o


    Execution Region RW_IRAM2 (Base: 0x2001c000, Size: 0x00000000, Max: 0x00004000, ABSOLUTE)

    **** No section assigned to this execution region ****


==============================================================================

Image component sizes


      Code (inc. data)   RO Data    RW Data    ZI Data      Debug   Object Name

         0          0          0          0          0       2184   auth.o
         0          0          0          0          0       1960   bridgeif.o
         0          0          0          0          0        376   bridgeif_fdb.o
       516         42          0          4         80       2490   can.o
        38          0          0          0          0       1146   def.o
        88          4          0          0          0        786   dma.o
      3820       1206         65          1        240      12323   etharp.o
       456        154         12          0          0       2758   ethernet.o
      1618        162          0          4      12520      29793   ethernetif.o
       604         32          0          0          0     732823   gpio.o
       944        352          0          0          0       4722   icmp.o
       156         92         65          0          0       4771   init.o
         0          0          0          0         24       7813   ip.o
      1078        184          0          2          0       5672   ip4.o
        78          0          8          0          0       8698   ip4_addr.o
      3562       1192          0          6          0      12594   ip4_frag.o
       600         44          0         24         56       1911   lwip.o
      2766        316          0         60          0     692771   main.o
      2380        968          0         12       1619       7945   mem.o
       780        500        144         36      11947      10318   memp.o
      2116        994          0          9          0      16306   netif.o
      4322       2008          0          0          0      16548   pbuf.o
       556        102          0          0          0     575142   rotunbot_algorithm.o
      4780        590          0         26        128      19477   rotunbot_can.o
       548         86          0         25          0       3653   rotunbot_comm.o
       816        104          0        104          0       4216   rotunbot_pwm.o
         0          0       1248        504        184       4499   rotunbot_vary.o
       778         86          0         28        120       5563   rs485.o
        36          8        392          0      16384        836   startup_stm32f407xx.o
       212         36          0          9          0       9425   stm32f4xx_hal.o
      2226          6          0          0          0      15274   stm32f4xx_hal_can.o
       304         22          0          0          0      34475   stm32f4xx_hal_cortex.o
      1436         16          8          0          0       7062   stm32f4xx_hal_dma.o
      3360         58          0          0          0      19637   stm32f4xx_hal_eth.o
       528         44          0          0          0       2773   stm32f4xx_hal_gpio.o
        72          4          0          0          0        862   stm32f4xx_hal_msp.o
      1820         84          0          0          0       5648   stm32f4xx_hal_rcc.o
      4214        222          0          0          0      28292   stm32f4xx_hal_tim.o
       184         30          0          0          0       2509   stm32f4xx_hal_tim_ex.o
      2408         14          0          0          0      12612   stm32f4xx_hal_uart.o
       146         42          0          0          0       7771   stm32f4xx_it.o
        20          6         24          4          0       1139   system_stm32f4xx.o
      7164       3094        197         32          0      38267   tcp.o
      7728       2008          0         40         16      21311   tcp_in.o
      7202       3062         85          0          0      29406   tcp_out.o
      1616        104          0          0        648       6047   tim.o
       844        374         28         12          0       6874   timeouts.o
      3700       1682          0          8          0      14045   udp.o
       488         58          0          0        136       2989   usart.o

    ----------------------------------------------------------------------
     79172      20196       2324        960      44108    2456512   Object Totals
         0          0         32          0          0          0   (incl. Generated)
        64          4         16         10          6          0   (incl. Padding)

    ----------------------------------------------------------------------

      Code (inc. data)   RO Data    RW Data    ZI Data      Debug   Library Member Name

       864         94         80          0          0        280   asin.o
        84         16          0          0          0        372   dunder.o
        24          0          0          0          0        124   fabs.o
        48          0          0          0          0        124   fpclassify.o
       248          0          0          0          0        152   poly.o
      1080        142        200          0          0        188   rred.o
       110          0          0          0          0        148   sqrt.o
       128         20          0          0          0        144   tan.o
       848         84         96          0          0        196   tan_i.o
        86          0          0          0          0          0   __dczerorl2.o
         0          0          0          0          0          0   entry.o
         0          0          0          0          0          0   entry10a.o
         0          0          0          0          0          0   entry11a.o
         8          4          0          0          0          0   entry2.o
         4          0          0          0          0          0   entry5.o
         0          0          0          0          0          0   entry7b.o
         0          0          0          0          0          0   entry8b.o
         8          4          0          0          0          0   entry9a.o
        12          6          0          4          0         68   errno.o
        30          0          0          0          0          0   handlers.o
        36          8          0          0          0         68   init.o
         0          0          0          0          0          0   iusefp.o
        30          0          0          0          0         68   llshl.o
        36          0          0          0          0         68   llsshr.o
        32          0          0          0          0         68   llushr.o
        26          0          0          0          0         80   memcmp.o
        64          0          0          0          0         76   memmovea.o
        36          0          0          0          0        108   memseta.o
       736         56          0          0          0        184   printf5.o
        36         10          0          4          0        136   rand.o
         0          0          0          4          0          0   stdout.o
        98          0          0          0          0         92   uldiv.o
        56          0          0          0          0         88   d2f.o
       334          0          0          0          0        148   dadd.o
       222          0          0          0          0        100   ddiv.o
       186          0          0          0          0        176   depilogue.o
        62          0          0          0          0         80   dfixi.o
        34          0          0          0          0         76   dflti.o
        26          0          0          0          0         76   dfltui.o
       228          0          0          0          0         96   dmul.o
       162          0          0          0          0        100   dsqrt.o
        38          0          0          0          0         68   f2d.o
       110          0          0          0          0        168   fepilogue.o

    ----------------------------------------------------------------------
      6184        444        376         12          0       3920   Library Totals
        14          0          0          0          0          0   (incl. Padding)

    ----------------------------------------------------------------------

      Code (inc. data)   RO Data    RW Data    ZI Data      Debug   Library Name

      3434        356        376          0          0       1728   m_wm.l
      1278         88          0         12          0       1016   mc_w.l
      1458          0          0          0          0       1176   mf_w.l

    ----------------------------------------------------------------------
      6184        444        376         12          0       3920   Library Totals

    ----------------------------------------------------------------------

==============================================================================


      Code (inc. data)   RO Data    RW Data    ZI Data      Debug   

     85356      20640       2700        972      44108    2420924   Grand Totals
     85356      20640       2700        188      44108    2420924   ELF Image Totals (compressed)
     85356      20640       2700        188          0          0   ROM Totals

==============================================================================

    Total RO  Size (Code + RO Data)                88056 (  85.99kB)
    Total RW  Size (RW Data + ZI Data)             45080 (  44.02kB)
    Total ROM Size (Code + RO Data + RW Data)      88244 (  86.18kB)

==============================================================================

