<html>
<body>
<pre>
<h1>礦ision Build Log</h1>
<h2>Tool Versions:</h2>
IDE-Version: μVision V5.23.0.0
Copyright (C) 2017 ARM Ltd and ARM Germany GmbH. All rights reserved.
License Information: s Fengqi, as, LIC=47GU5-GNW81-UH28H-WR0XI-Y8SH0-EIFNB
 
Tool Versions:
Toolchain:       MDK-ARM Plus  Version: 5.23
Toolchain Path:  D:\MDK5\ARM\ARMCC\Bin
C Compiler:      Armcc.exe V5.06 update 4 (build 422)
Assembler:       Armasm.exe V5.06 update 4 (build 422)
Linker/Locator:  ArmLink.exe V5.06 update 4 (build 422)
Library Manager: ArmAr.exe V5.06 update 4 (build 422)
Hex Converter:   FromElf.exe V5.06 update 4 (build 422)
CPU DLL:         SARMCM3.DLL V5.23
Dialog DLL:      DCM.DLL V1.15.0.0
Target DLL:      CMSIS_AGDI.dll V1.27.5.0
Dialog DLL:      TCM.DLL V1.27.0.0
 
<h2>Project:</h2>
D:\80球开发\git本地\GT80_5_WHEEL - position8.28\MDK-ARM\STM32F407ZET6_TEST2.uvprojx
Project File Date:  06/24/2023

<h2>Output:</h2>
*** Using Compiler 'V5.06 update 4 (build 422)', folder: 'D:\MDK5\ARM\ARMCC\Bin'
Build target 'STM32F407ZET6_TEST2'
compiling Rotunbot_Can.c...
compiling main.c...
../Core/Src/main.c(279): warning:  #550-D: variable "msg"  was set but never used
          short msg[8];
../Core/Src/main.c: 1 warning, 0 errors
linking...
Program Size: Code=85188 RO-data=2700 RW-data=972 ZI-data=44108  
FromELF: creating hex file...
"STM32F407ZET6_TEST2\STM32F407ZET6_TEST2.axf" - 0 Error(s), 1 Warning(s).

<h2>Software Packages used:</h2>

Package Vendor: ARM
                http://www.keil.com/pack/ARM.CMSIS.5.0.1.pack
                ARM::CMSIS:CORE:5.0.1
                CMSIS (Cortex Microcontroller Software Interface Standard)
   * Component: CORE Version: 5.0.1

<h2>Collection of Component include folders:</h2>
  .\RTE\_STM32F407ZET6_TEST2
  D:\MDK5\ARM\PACK\ARM\CMSIS\5.0.1\CMSIS\Include
  D:\MDK5\ARM\PACK\Keil\STM32F4xx_DFP\2.16.0\Drivers\CMSIS\Device\ST\STM32F4xx\Include

<h2>Collection of Component Files used:</h2>

   * Component: ARM::CMSIS:CORE:5.0.1
Build Time Elapsed:  00:00:03
</pre>
</body>
</html>
